Archive member included to satisfy reference by file (symbol)

/home/tobias/.p2/pool/plugins/fr.ac6.mcu.externaltools.arm-none.linux64_1.17.0.201812190825/tools/compiler/bin/../lib/gcc/arm-none-eabi/7.3.1/../../../../arm-none-eabi/lib/thumb/v7e-m/fpv4-sp/hard/libstdc++_nano.a(new_op.o)
                              System/SystemManager.o (operator new(unsigned int))
/home/tobias/.p2/pool/plugins/fr.ac6.mcu.externaltools.arm-none.linux64_1.17.0.201812190825/tools/compiler/bin/../lib/gcc/arm-none-eabi/7.3.1/../../../../arm-none-eabi/lib/thumb/v7e-m/fpv4-sp/hard/libstdc++_nano.a(guard.o)
                              System/SystemManager.o (__cxa_guard_acquire)
/home/tobias/.p2/pool/plugins/fr.ac6.mcu.externaltools.arm-none.linux64_1.17.0.201812190825/tools/compiler/bin/../lib/gcc/arm-none-eabi/7.3.1/../../../../arm-none-eabi/lib/thumb/v7e-m/fpv4-sp/hard/libstdc++_nano.a(pure.o)
                              src/main.o (__cxa_pure_virtual)
/home/tobias/.p2/pool/plugins/fr.ac6.mcu.externaltools.arm-none.linux64_1.17.0.201812190825/tools/compiler/bin/../lib/gcc/arm-none-eabi/7.3.1/../../../../arm-none-eabi/lib/thumb/v7e-m/fpv4-sp/hard/libstdc++_nano.a(new_handler.o)
                              /home/tobias/.p2/pool/plugins/fr.ac6.mcu.externaltools.arm-none.linux64_1.17.0.201812190825/tools/compiler/bin/../lib/gcc/arm-none-eabi/7.3.1/../../../../arm-none-eabi/lib/thumb/v7e-m/fpv4-sp/hard/libstdc++_nano.a(new_op.o) (std::get_new_handler())
/home/tobias/.p2/pool/plugins/fr.ac6.mcu.externaltools.arm-none.linux64_1.17.0.201812190825/tools/compiler/bin/../lib/gcc/arm-none-eabi/7.3.1/../../../../arm-none-eabi/lib/thumb/v7e-m/fpv4-sp/hard/libstdc++_nano.a(eh_terminate.o)
                              /home/tobias/.p2/pool/plugins/fr.ac6.mcu.externaltools.arm-none.linux64_1.17.0.201812190825/tools/compiler/bin/../lib/gcc/arm-none-eabi/7.3.1/../../../../arm-none-eabi/lib/thumb/v7e-m/fpv4-sp/hard/libstdc++_nano.a(pure.o) (std::terminate())
/home/tobias/.p2/pool/plugins/fr.ac6.mcu.externaltools.arm-none.linux64_1.17.0.201812190825/tools/compiler/bin/../lib/gcc/arm-none-eabi/7.3.1/../../../../arm-none-eabi/lib/thumb/v7e-m/fpv4-sp/hard/libstdc++_nano.a(atexit_arm.o)
                              Device/HardwareCore.o (__aeabi_atexit)
/home/tobias/.p2/pool/plugins/fr.ac6.mcu.externaltools.arm-none.linux64_1.17.0.201812190825/tools/compiler/bin/../lib/gcc/arm-none-eabi/7.3.1/../../../../arm-none-eabi/lib/thumb/v7e-m/fpv4-sp/hard/libstdc++_nano.a(del_ops.o)
                              System/SystemManager.o (operator delete(void*, unsigned int))
/home/tobias/.p2/pool/plugins/fr.ac6.mcu.externaltools.arm-none.linux64_1.17.0.201812190825/tools/compiler/bin/../lib/gcc/arm-none-eabi/7.3.1/../../../../arm-none-eabi/lib/thumb/v7e-m/fpv4-sp/hard/libstdc++_nano.a(new_opv.o)
                              System/SystemManager.o (operator new[](unsigned int))
/home/tobias/.p2/pool/plugins/fr.ac6.mcu.externaltools.arm-none.linux64_1.17.0.201812190825/tools/compiler/bin/../lib/gcc/arm-none-eabi/7.3.1/../../../../arm-none-eabi/lib/thumb/v7e-m/fpv4-sp/hard/libstdc++_nano.a(string-inst.o)
                              src/main.o (std::__cxx11::basic_string<char, std::char_traits<char>, std::allocator<char> >::_M_create(unsigned int&, unsigned int))
/home/tobias/.p2/pool/plugins/fr.ac6.mcu.externaltools.arm-none.linux64_1.17.0.201812190825/tools/compiler/bin/../lib/gcc/arm-none-eabi/7.3.1/../../../../arm-none-eabi/lib/thumb/v7e-m/fpv4-sp/hard/libstdc++_nano.a(functexcept.o)
                              /home/tobias/.p2/pool/plugins/fr.ac6.mcu.externaltools.arm-none.linux64_1.17.0.201812190825/tools/compiler/bin/../lib/gcc/arm-none-eabi/7.3.1/../../../../arm-none-eabi/lib/thumb/v7e-m/fpv4-sp/hard/libstdc++_nano.a(string-inst.o) (std::__throw_logic_error(char const*))
/home/tobias/.p2/pool/plugins/fr.ac6.mcu.externaltools.arm-none.linux64_1.17.0.201812190825/tools/compiler/bin/../lib/gcc/arm-none-eabi/7.3.1/../../../../arm-none-eabi/lib/thumb/v7e-m/fpv4-sp/hard/libstdc++_nano.a(functional.o)
                              Device/HardwareCore.o (std::__throw_bad_function_call())
/home/tobias/.p2/pool/plugins/fr.ac6.mcu.externaltools.arm-none.linux64_1.17.0.201812190825/tools/compiler/bin/../lib/gcc/arm-none-eabi/7.3.1/../../../../arm-none-eabi/lib/thumb/v7e-m/fpv4-sp/hard/libstdc++_nano.a(eh_exception.o)
                              /home/tobias/.p2/pool/plugins/fr.ac6.mcu.externaltools.arm-none.linux64_1.17.0.201812190825/tools/compiler/bin/../lib/gcc/arm-none-eabi/7.3.1/../../../../arm-none-eabi/lib/thumb/v7e-m/fpv4-sp/hard/libstdc++_nano.a(functional.o) (std::exception::~exception())
/home/tobias/.p2/pool/plugins/fr.ac6.mcu.externaltools.arm-none.linux64_1.17.0.201812190825/tools/compiler/bin/../lib/gcc/arm-none-eabi/7.3.1/../../../../arm-none-eabi/lib/thumb/v7e-m/fpv4-sp/hard/libstdc++_nano.a(del_op.o)
[...]
Memory Configuration

Name             Origin             Length             Attributes
RAM              0x0000000020000000 0x0000000000018000 xrw
ROM              0x0000000008000000 0x0000000000100000 xr
*default*        0x0000000000000000 0xffffffffffffffff

Linker script and memory map

LOAD /home/tobias/.p2/pool/plugins/fr.ac6.mcu.externaltools.arm-none.linux64_1.17.0.201812190825/tools/compiler/bin/../lib/gcc/arm-none-eabi/7.3.1/thumb/v7e-m/fpv4-sp/hard/crti.o
LOAD /home/tobias/.p2/pool/plugins/fr.ac6.mcu.externaltools.arm-none.linux64_1.17.0.201812190825/tools/compiler/bin/../lib/gcc/arm-none-eabi/7.3.1/thumb/v7e-m/fpv4-sp/hard/crtbegin.o
LOAD /home/tobias/.p2/pool/plugins/fr.ac6.mcu.externaltools.arm-none.linux64_1.17.0.201812190825/tools/compiler/bin/../lib/gcc/arm-none-eabi/7.3.1/../../../../arm-none-eabi/lib/thumb/v7e-m/fpv4-sp/hard/crt0.o
LOAD Device/HardwareCore.o
LOAD Device/HardwareEncoder.o
LOAD Device/HardwareGpio.o
LOAD Device/HardwareI2C1.o
LOAD Device/HardwarePWM.o
LOAD Device/HardwareSPI.o
LOAD Device/HardwareTimer.o
LOAD System/SystemManager.o
LOAD src/main.o
LOAD src/syscalls.o
LOAD startup/startup_stm32.o
LOAD /home/tobias/.p2/pool/plugins/fr.ac6.mcu.externaltools.arm-none.linux64_1.17.0.201812190825/tools/compiler/bin/../lib/gcc/arm-none-eabi/7.3.1/../../../../arm-none-eabi/lib/thumb/v7e-m/fpv4-sp/hard/libstdc++_nano.a
LOAD /home/tobias/.p2/pool/plugins/fr.ac6.mcu.externaltools.arm-none.linux64_1.17.0.201812190825/tools/compiler/bin/../lib/gcc/arm-none-eabi/7.3.1/../../../../arm-none-eabi/lib/thumb/v7e-m/fpv4-sp/hard/libm.a
START GROUP
LOAD /home/tobias/.p2/pool/plugins/fr.ac6.mcu.externaltools.arm-none.linux64_1.17.0.201812190825/tools/compiler/bin/../lib/gcc/arm-none-eabi/7.3.1/thumb/v7e-m/fpv4-sp/hard/libgcc.a
LOAD /home/tobias/.p2/pool/plugins/fr.ac6.mcu.externaltools.arm-none.linux64_1.17.0.201812190825/tools/compiler/bin/../lib/gcc/arm-none-eabi/7.3.1/../../../../arm-none-eabi/lib/thumb/v7e-m/fpv4-sp/hard/libc_nano.a
END GROUP
START GROUP
LOAD /home/tobias/.p2/pool/plugins/fr.ac6.mcu.externaltools.arm-none.linux64_1.17.0.201812190825/tools/compiler/bin/../lib/gcc/arm-none-eabi/7.3.1/thumb/v7e-m/fpv4-sp/hard/libgcc.a
LOAD /home/tobias/.p2/pool/plugins/fr.ac6.mcu.externaltools.arm-none.linux64_1.17.0.201812190825/tools/compiler/bin/../lib/gcc/arm-none-eabi/7.3.1/../../../../arm-none-eabi/lib/thumb/v7e-m/fpv4-sp/hard/libc_nano.a
END GROUP
LOAD /home/tobias/.p2/pool/plugins/fr.ac6.mcu.externaltools.arm-none.linux64_1.17.0.201812190825/tools/compiler/bin/../lib/gcc/arm-none-eabi/7.3.1/thumb/v7e-m/fpv4-sp/hard/crtend.o
LOAD /home/tobias/.p2/pool/plugins/fr.ac6.mcu.externaltools.arm-none.linux64_1.17.0.201812190825/tools/compiler/bin/../lib/gcc/arm-none-eabi/7.3.1/thumb/v7e-m/fpv4-sp/hard/crtn.o
                0x0000000020018000                _estack = 0x20018000
                0x0000000000000000                _Min_Heap_Size = 0x0
                0x0000000000000400                _Min_Stack_Size = 0x400

.isr_vector     0x0000000008000000      0x188
                0x0000000008000000                . = ALIGN (0x4)
 *(.isr_vector)
 .isr_vector    0x0000000008000000      0x188 startup/startup_stm32.o
                0x0000000008000000                g_pfnVectors
                0x0000000008000188                . = ALIGN (0x4)

.text           0x0000000008000188     0xcdac
                0x0000000008000188                . = ALIGN (0x4)
 *(.text)
 .text          0x0000000008000188       0x40 /home/tobias/.p2/pool/plugins/fr.ac6.mcu.externaltools.arm-none.linux64_1.17.0.201812190825/tools/compiler/bin/../lib/gcc/arm-none-eabi/7.3.1/thumb/v7e-m/fpv4-sp/hard/crtbegin.o
 .text          0x00000000080001c8      0x378 /home/tobias/.p2/pool/plugins/fr.ac6.mcu.externaltools.arm-none.linux64_1.17.0.201812190825/tools/compiler/bin/../lib/gcc/arm-none-eabi/7.3.1/thumb/v7e-m/fpv4-sp/hard/libgcc.a(_arm_addsubdf3.o)
                0x00000000080001c8                __aeabi_drsub
                0x00000000080001d0                __aeabi_dsub
                0x00000000080001d0                __subdf3
                0x00000000080001d4                __adddf3
                0x00000000080001d4                __aeabi_dadd
                0x000000000800044c                __aeabi_ui2d
                0x000000000800044c                __floatunsidf
                0x000000000800046c                __floatsidf
                0x000000000800046c                __aeabi_i2d
                0x0000000008000490                __extendsfdf2
                0x0000000008000490                __aeabi_f2d
                0x00000000080004d4                __aeabi_ul2d
                0x00000000080004d4                __floatundidf
                0x00000000080004e4                __floatdidf
                0x00000000080004e4                __aeabi_l2d
 .text          0x0000000008000540      0x424 /home/tobias/.p2/pool/plugins/fr.ac6.mcu.externaltools.arm-none.linux64_1.17.0.201812190825/tools/compiler/bin/../lib/gcc/arm-none-eabi/7.3.1/thumb/v7e-m/fpv4-sp/hard/libgcc.a(_arm_muldivdf3.o)
                0x0000000008000540                __aeabi_dmul
                0x0000000008000540                __muldf3
                0x0000000008000794                __aeabi_ddiv
                0x0000000008000794                __divdf3
 .text          0x0000000008000964      0x110 /home/tobias/.p2/pool/plugins/fr.ac6.mcu.externaltools.arm-none.linux64_1.17.0.201812190825/tools/compiler/bin/../lib/gcc/arm-none-eabi/7.3.1/thumb/v7e-m/fpv4-sp/hard/libgcc.a(_arm_cmpdf2.o)
                0x0000000008000964                __gtdf2
                0x0000000008000964                __gedf2
                0x000000000800096c                __ltdf2
                0x000000000800096c                __ledf2
                0x0000000008000974                __cmpdf2
                0x0000000008000974                __eqdf2
                0x0000000008000974                __nedf2
                0x00000000080009f0                __aeabi_cdrcmple
                0x0000000008000a00                __aeabi_cdcmple
                0x0000000008000a00                __aeabi_cdcmpeq
                0x0000000008000a10                __aeabi_dcmpeq
                0x0000000008000a24                __aeabi_dcmplt
                0x0000000008000a38                __aeabi_dcmple
                0x0000000008000a4c                __aeabi_dcmpge
                0x0000000008000a60                __aeabi_dcmpgt
 .text          0x0000000008000a74       0x2c /home/tobias/.p2/pool/plugins/fr.ac6.mcu.externaltools.arm-none.linux64_1.17.0.201812190825/tools/compiler/bin/../lib/gcc/arm-none-eabi/7.3.1/thumb/v7e-m/fpv4-sp/hard/libgcc.a(_arm_unorddf2.o)
                0x0000000008000a74                __aeabi_dcmpun
                0x0000000008000a74                __unorddf2
 .text          0x0000000008000aa0       0x50 /home/tobias/.p2/pool/plugins/fr.ac6.mcu.externaltools.arm-none.linux64_1.17.0.201812190825/tools/compiler/bin/../lib/gcc/arm-none-eabi/7.3.1/thumb/v7e-m/fpv4-sp/hard/libgcc.a(_arm_fixdfsi.o)
                0x0000000008000aa0                __fixdfsi
                0x0000000008000aa0                __aeabi_d2iz
 .text          0x0000000008000af0       0x40 /home/tobias/.p2/pool/plugins/fr.ac6.mcu.externaltools.arm-none.linux64_1.17.0.201812190825/tools/compiler/bin/../lib/gcc/arm-none-eabi/7.3.1/thumb/v7e-m/fpv4-sp/hard/libgcc.a(_arm_fixunsdfsi.o)
                0x0000000008000af0                __fixunsdfsi
                0x0000000008000af0                __aeabi_d2uiz
 .text          0x0000000008000b30       0xa0 /home/tobias/.p2/pool/plugins/fr.ac6.mcu.externaltools.arm-none.linux64_1.17.0.201812190825/tools/compiler/bin/../lib/gcc/arm-none-eabi/7.3.1/thumb/v7e-m/fpv4-sp/hard/libgcc.a(_arm_truncdfsf2.o)
                0x0000000008000b30                __aeabi_d2f
                0x0000000008000b30                __truncdfsf2
 .text          0x0000000008000bd0       0xa0 /home/tobias/.p2/pool/plugins/fr.ac6.mcu.externaltools.arm-none.linux64_1.17.0.201812190825/tools/compiler/bin/../lib/gcc/arm-none-eabi/7.3.1/thumb/v7e-m/fpv4-sp/hard/libgcc.a(_aeabi_ldivmod.o)
                0x0000000008000bd0                __aeabi_ldivmod
 .text          0x0000000008000c70      0x2cc /home/tobias/.p2/pool/plugins/fr.ac6.mcu.externaltools.arm-none.linux64_1.17.0.201812190825/tools/compiler/bin/../lib/gcc/arm-none-eabi/7.3.1/thumb/v7e-m/fpv4-sp/hard/libgcc.a(_udivmoddi4.o)
                0x0000000008000c70                __udivmoddi4
 .text          0x0000000008000f3c        0x4 /home/tobias/.p2/pool/plugins/fr.ac6.mcu.externaltools.arm-none.linux64_1.17.0.201812190825/tools/compiler/bin/../lib/gcc/arm-none-eabi/7.3.1/thumb/v7e-m/fpv4-sp/hard/libgcc.a(_dvmd_tls.o)
                0x0000000008000f3c                __aeabi_ldiv0
                0x0000000008000f3c                __aeabi_idiv0
 .text          0x0000000008000f40       0x10 /home/tobias/.p2/pool/plugins/fr.ac6.mcu.externaltools.arm-none.linux64_1.17.0.201812190825/tools/compiler/bin/../lib/gcc/arm-none-eabi/7.3.1/../../../../arm-none-eabi/lib/thumb/v7e-m/fpv4-sp/hard/libc_nano.a(lib_a-strlen.o)
                0x0000000008000f40                strlen
 *(.text*)
 .text._ZNSt14_Function_base13_Base_managerIZN6Device12InterruptMgrC4EvEUlvE_E10_M_managerERSt9_Any_dataRKS5_St18_Manager_operation
                0x0000000008000f50       0x16 Device/HardwareCore.o
 .text._ZNSt14_Function_baseD2Ev
                0x0000000008000f66       0x12 Device/HardwareCore.o
                0x0000000008000f66                std::_Function_base::~_Function_base()
                0x0000000008000f66                std::_Function_base::~_Function_base()
 .text._ZN6Device12InterruptMgrD2Ev
                0x0000000008000f78       0x4c Device/HardwareCore.o
                0x0000000008000f78                Device::InterruptMgr::~InterruptMgr()
                0x0000000008000f78                Device::InterruptMgr::~InterruptMgr()
 .text._ZNK6Device12InterruptMgr15enableInterruptENS_11InterruptIdE
                0x0000000008000fc4       0x9c Device/HardwareCore.o
                0x0000000008000fc4                Device::InterruptMgr::enableInterrupt(Device::InterruptId) const
 .text._ZNK6Device12InterruptMgr16disableInterruptENS_11InterruptIdE
                0x0000000008001060       0xac Device/HardwareCore.o
                0x0000000008001060                Device::InterruptMgr::disableInterrupt(Device::InterruptId) const
 .text._ZNK6Device12InterruptMgr20enableGpioIntForEdgeENS_7GpioPinENS_4EdgeE
                0x000000000800110c       0x58 Device/HardwareCore.o
                0x000000000800110c                Device::InterruptMgr::enableGpioIntForEdge(Device::GpioPin, Device::Edge) const
 .text._ZNK6Device12InterruptMgr21activateEdgeInterruptENS_9GpioIntIdE
                0x0000000008001164        0xe Device/HardwareCore.o
                0x0000000008001164                Device::InterruptMgr::activateEdgeInterrupt(Device::GpioIntId) const
 .text._ZNK6Device12InterruptMgr23deactivateEdgeInterruptENS_9GpioIntIdE
                0x0000000008001172        0xe Device/HardwareCore.o
                0x0000000008001172                Device::InterruptMgr::deactivateEdgeInterrupt(Device::GpioIntId) const
 .text._ZN6Device4Core15systemCoreClockEv
                0x0000000008001180       0xd0 Device/HardwareCore.o
                0x0000000008001180                Device::Core::systemCoreClock()
 .text._ZN6Device4Core18setSystemCoreClockEv
                0x0000000008001250       0xd0 Device/HardwareCore.o
                0x0000000008001250                Device::Core::setSystemCoreClock()
 .text.SystemInit
                0x0000000008001320       0x20 Device/HardwareCore.o
                0x0000000008001320                SystemInit
 .text._ZNKSt8functionIFvvEEclEv
                0x0000000008001340       0x12 Device/HardwareCore.o
                0x0000000008001340                std::function<void ()>::operator()() const
 .text._ZNK6Device12InterruptMgr15handleInterruptENS_11InterruptIdE
                0x0000000008001352       0x10 Device/HardwareCore.o
                0x0000000008001352                Device::InterruptMgr::handleInterrupt(Device::InterruptId) const
 *fill*         0x0000000008001362        0x2 
 .text.I2C1_EV_IRQHandler
                0x0000000008001364       0x20 Device/HardwareCore.o
                0x0000000008001364                I2C1_EV_IRQHandler
 .text.I2C1_ER_IRQHandler
                0x0000000008001384       0x20 Device/HardwareCore.o
                0x0000000008001384                I2C1_ER_IRQHandler
 .text.TIM2_IRQHandler
                0x00000000080013a4       0x20 Device/HardwareCore.o
                0x00000000080013a4                TIM2_IRQHandler
 .text.DMA1_CH6_IRQHandler
                0x00000000080013c4       0x20 Device/HardwareCore.o
                0x00000000080013c4                DMA1_CH6_IRQHandler
 .text.DMA1_CH7_IRQHandler
                0x00000000080013e4       0x20 Device/HardwareCore.o
                0x00000000080013e4                DMA1_CH7_IRQHandler
 .text.SPI1_IRQHandler
                0x0000000008001404       0x20 Device/HardwareCore.o
                0x0000000008001404                SPI1_IRQHandler
 .text.DMA1_CH2_IRQHandler
                0x0000000008001424       0x20 Device/HardwareCore.o
                0x0000000008001424                DMA1_CH2_IRQHandler
 .text.DMA1_CH3_IRQHandler
                0x0000000008001444       0x20 Device/HardwareCore.o
                0x0000000008001444                DMA1_CH3_IRQHandler
 .text.SPI2_IRQHandler
                0x0000000008001464       0x20 Device/HardwareCore.o
                0x0000000008001464                SPI2_IRQHandler
 .text.DMA1_CH4_IRQHandler
                0x0000000008001484       0x20 Device/HardwareCore.o
                0x0000000008001484                DMA1_CH4_IRQHandler
 .text.DMA1_CH5_IRQHandler
                0x00000000080014a4       0x20 Device/HardwareCore.o
                0x00000000080014a4                DMA1_CH5_IRQHandler
 .text.TIM3_IRQHandler
                0x00000000080014c4       0x20 Device/HardwareCore.o
                0x00000000080014c4                TIM3_IRQHandler
 .text.EXTI0_IRQHandler
                0x00000000080014e4       0x20 Device/HardwareCore.o
                0x00000000080014e4                EXTI0_IRQHandler
 .text.EXTI1_IRQHandler
                0x0000000008001504       0x16 Device/HardwareCore.o
                0x0000000008001504                EXTI1_IRQHandler
 .text.EXTI2_IRQHandler
                0x000000000800151a       0x16 Device/HardwareCore.o
                0x000000000800151a                EXTI2_IRQHandler
 .text.EXTI3_IRQHandler
                0x0000000008001530       0x16 Device/HardwareCore.o
                0x0000000008001530                EXTI3_IRQHandler
 .text.EXTI4_IRQHandler
                0x0000000008001546       0x16 Device/HardwareCore.o
                0x0000000008001546                EXTI4_IRQHandler
 .text.EXTI9_5_IRQHandler
                0x000000000800155c       0x16 Device/HardwareCore.o
                0x000000000800155c                EXTI9_5_IRQHandler
 .text.EXTI15_10_IRQHandler
                0x0000000008001572       0x16 Device/HardwareCore.o
                0x0000000008001572                EXTI15_10_IRQHandler
 .text._ZNK6Device12InterruptMgr20gpioInterruptHandlerEv
                0x0000000008001588       0x64 Device/HardwareCore.o
                0x0000000008001588                Device::InterruptMgr::gpioInterruptHandler() const
 .text._ZNSt17_Function_handlerIFvvEZN6Device12InterruptMgrC4EvEUlvE_E9_M_invokeERKSt9_Any_data
                0x00000000080015ec        0x6 Device/HardwareCore.o
 .text._ZNSt8functionIFvvEE4swapERS1_
                0x00000000080015f2       0x34 Device/HardwareCore.o
                0x00000000080015f2                std::function<void ()>::swap(std::function<void ()>&)
 *fill*         0x0000000008001626        0x2 
 .text._ZN6Device12InterruptMgrC2Ev
                0x0000000008001628       0xac Device/HardwareCore.o
                0x0000000008001628                Device::InterruptMgr::InterruptMgr()
                0x0000000008001628                Device::InterruptMgr::InterruptMgr()
 .text.startup._GLOBAL__sub_I__ZN6Device12InterruptMgr16theInterruptMgr_E
                0x00000000080016d4       0x24 Device/HardwareCore.o
 .text._ZNSt14_Function_base13_Base_managerIZN6Device15HardwareEncoderC4EP11TIM_TypeDefEUlvE_E10_M_managerERSt9_Any_dataRKS7_St18_Manager_operation
                0x00000000080016f8       0x16 Device/HardwareEncoder.o
 *fill*         0x000000000800170e        0x2 
 .text._ZN6Device15HardwareEncoderC2EP11TIM_TypeDef
                0x0000000008001710      0x124 Device/HardwareEncoder.o
                0x0000000008001710                Device::HardwareEncoder::HardwareEncoder(TIM_TypeDef*)
                0x0000000008001710                Device::HardwareEncoder::HardwareEncoder(TIM_TypeDef*)
 .text._ZN6Device15HardwareEncoderD2Ev
                0x0000000008001834       0x54 Device/HardwareEncoder.o
                0x0000000008001834                Device::HardwareEncoder::~HardwareEncoder()
                0x0000000008001834                Device::HardwareEncoder::~HardwareEncoder()
 .text._ZNK6Device15HardwareEncoder13enableEncoderEv
                0x0000000008001888        0xc Device/HardwareEncoder.o
                0x0000000008001888                Device::HardwareEncoder::enableEncoder() const
 .text._ZNK6Device15HardwareEncoder14disableEncoderEv
                0x0000000008001894        0xc Device/HardwareEncoder.o
                0x0000000008001894                Device::HardwareEncoder::disableEncoder() const
 .text._ZNK6Device15HardwareEncoder14encoderHandlerEv
                0x00000000080018a0       0x28 Device/HardwareEncoder.o
                0x00000000080018a0                Device::HardwareEncoder::encoderHandler() const
 .text._ZNSt17_Function_handlerIFvvEZN6Device15HardwareEncoderC4EP11TIM_TypeDefEUlvE_E9_M_invokeERKSt9_Any_data
                0x00000000080018c8        0x6 Device/HardwareEncoder.o
 *fill*         0x00000000080018ce        0x2 
 .text._ZN6Device12HardwareGpioC2EP12GPIO_TypeDef
                0x00000000080018d0       0x1c Device/HardwareGpio.o
                0x00000000080018d0                Device::HardwareGpio::HardwareGpio(GPIO_TypeDef*)
                0x00000000080018d0                Device::HardwareGpio::HardwareGpio(GPIO_TypeDef*)
 .text._ZN6Device12HardwareGpioD2Ev
                0x00000000080018ec        0x2 Device/HardwareGpio.o
                0x00000000080018ec                Device::HardwareGpio::~HardwareGpio()
                0x00000000080018ec                Device::HardwareGpio::~HardwareGpio()
 .text._ZNSt14_Function_base13_Base_managerIZN6Device12HardwareI2C1C4EvEUlvE_E10_M_managerERSt9_Any_dataRKS5_St18_Manager_operation
                0x00000000080018ee       0x16 Device/HardwareI2C1.o
 .text._ZNSt14_Function_base13_Base_managerIZN6Device12HardwareI2C1C4EvEUlvE0_E10_M_managerERSt9_Any_dataRKS5_St18_Manager_operation
                0x0000000008001904       0x16 Device/HardwareI2C1.o
 .text._ZNSt14_Function_base13_Base_managerIZN6Device12HardwareI2C1C4EvEUlvE1_E10_M_managerERSt9_Any_dataRKS5_St18_Manager_operation
                0x000000000800191a       0x16 Device/HardwareI2C1.o
 .text._ZNSt14_Function_base13_Base_managerIZN6Device12HardwareI2C1C4EvEUlvE2_E10_M_managerERSt9_Any_dataRKS5_St18_Manager_operation
                0x0000000008001930       0x16 Device/HardwareI2C1.o
 *fill*         0x0000000008001946        0x2 
 .text._ZN6Device12HardwareI2C1D2Ev
                0x0000000008001948       0x4c Device/HardwareI2C1.o
                0x0000000008001948                Device::HardwareI2C1::~HardwareI2C1()
                0x0000000008001948                Device::HardwareI2C1::~HardwareI2C1()
 .text._ZNK6Device12HardwareI2C113beginTransmitEhPKhj
                0x0000000008001994       0x54 Device/HardwareI2C1.o
                0x0000000008001994                Device::HardwareI2C1::beginTransmit(unsigned char, unsigned char const*, unsigned int) const
 .text._ZNK6Device12HardwareI2C112beginReceiveEhPKhj
                0x00000000080019e8       0x54 Device/HardwareI2C1.o
                0x00000000080019e8                Device::HardwareI2C1::beginReceive(unsigned char, unsigned char const*, unsigned int) const
 .text._ZNK6Device12HardwareI2C115i2cEventHandlerEv
                0x0000000008001a3c       0x10 Device/HardwareI2C1.o
                0x0000000008001a3c                Device::HardwareI2C1::i2cEventHandler() const
 .text._ZNSt17_Function_handlerIFvvEZN6Device12HardwareI2C1C4EvEUlvE_E9_M_invokeERKSt9_Any_data
                0x0000000008001a4c        0x6 Device/HardwareI2C1.o
 .text._ZNKSt8functionIFvN9MiscStuff9ErrorCodeEEEclES1_
                0x0000000008001a52       0x1c Device/HardwareI2C1.o
                0x0000000008001a52                std::function<void (MiscStuff::ErrorCode)>::operator()(MiscStuff::ErrorCode) const
 *fill*         0x0000000008001a6e        0x2 
 .text._ZNK6Device12HardwareI2C115i2cErrorHandlerEv
                0x0000000008001a70       0x1c Device/HardwareI2C1.o
                0x0000000008001a70                Device::HardwareI2C1::i2cErrorHandler() const
 .text._ZNSt17_Function_handlerIFvvEZN6Device12HardwareI2C1C4EvEUlvE0_E9_M_invokeERKSt9_Any_data
                0x0000000008001a8c        0x6 Device/HardwareI2C1.o
 *fill*         0x0000000008001a92        0x2 
 .text._ZNK6Device12HardwareI2C112dmaTxHandlerEv
                0x0000000008001a94       0x48 Device/HardwareI2C1.o
                0x0000000008001a94                Device::HardwareI2C1::dmaTxHandler() const
 .text._ZNSt17_Function_handlerIFvvEZN6Device12HardwareI2C1C4EvEUlvE1_E9_M_invokeERKSt9_Any_data
                0x0000000008001adc        0x6 Device/HardwareI2C1.o
 *fill*         0x0000000008001ae2        0x2 
 .text._ZNK6Device12HardwareI2C112dmaRxHandlerEv
                0x0000000008001ae4       0x48 Device/HardwareI2C1.o
                0x0000000008001ae4                Device::HardwareI2C1::dmaRxHandler() const
 .text._ZNSt17_Function_handlerIFvvEZN6Device12HardwareI2C1C4EvEUlvE2_E9_M_invokeERKSt9_Any_data
                0x0000000008001b2c        0x6 Device/HardwareI2C1.o
 *fill*         0x0000000008001b32        0x2 
 .text._ZN6Device12HardwareI2C1C2Ev
                0x0000000008001b34      0x198 Device/HardwareI2C1.o
                0x0000000008001b34                Device::HardwareI2C1::HardwareI2C1()
                0x0000000008001b34                Device::HardwareI2C1::HardwareI2C1()
 .text._ZN6Device11HardwarePWMD2Ev
                0x0000000008001ccc        0x2 Device/HardwarePWM.o
                0x0000000008001ccc                Device::HardwarePWM::~HardwarePWM()
                0x0000000008001ccc                Device::HardwarePWM::~HardwarePWM()
 .text._ZNK6Device11HardwarePWM6enableEv
                0x0000000008001cce       0x2e Device/HardwarePWM.o
                0x0000000008001cce                Device::HardwarePWM::enable() const
 .text._ZNK6Device11HardwarePWM7disableEv
                0x0000000008001cfc       0x2c Device/HardwarePWM.o
                0x0000000008001cfc                Device::HardwarePWM::disable() const
 .text._ZNK6Device11HardwarePWM12setDutyCycleEh
                0x0000000008001d28       0x64 Device/HardwarePWM.o
                0x0000000008001d28                Device::HardwarePWM::setDutyCycle(unsigned char) const
 .text._ZN6Device11HardwarePWMC2EP11TIM_TypeDefP12GPIO_TypeDefh
                0x0000000008001d8c      0x1c8 Device/HardwarePWM.o
                0x0000000008001d8c                Device::HardwarePWM::HardwarePWM(TIM_TypeDef*, GPIO_TypeDef*, unsigned char)
                0x0000000008001d8c                Device::HardwarePWM::HardwarePWM(TIM_TypeDef*, GPIO_TypeDef*, unsigned char)
 .text._ZNSt17_Function_handlerIFvvEZN6Device11HardwareSPIC4EP11SPI_TypeDefEUlvE_E9_M_invokeERKSt9_Any_data
                0x0000000008001f54        0x2 Device/HardwareSPI.o
 .text._ZNSt14_Function_base13_Base_managerIZN6Device11HardwareSPIC4EP11SPI_TypeDefEUlvE_E10_M_managerERSt9_Any_dataRKS7_St18_Manager_operation
                0x0000000008001f56       0x16 Device/HardwareSPI.o
 .text._ZNSt14_Function_base13_Base_managerIZN6Device11HardwareSPIC4EP11SPI_TypeDefEUlvE0_E10_M_managerERSt9_Any_dataRKS7_St18_Manager_operation
                0x0000000008001f6c       0x16 Device/HardwareSPI.o
 .text._ZNSt14_Function_base13_Base_managerIZN6Device11HardwareSPIC4EP11SPI_TypeDefEUlvE1_E10_M_managerERSt9_Any_dataRKS7_St18_Manager_operation
                0x0000000008001f82       0x16 Device/HardwareSPI.o
 .text._ZNSt17_Function_handlerIFvvEZN6Device11HardwareSPIC4EP11SPI_TypeDefEUlvE2_E9_M_invokeERKSt9_Any_data
                0x0000000008001f98        0x2 Device/HardwareSPI.o
 .text._ZNSt14_Function_base13_Base_managerIZN6Device11HardwareSPIC4EP11SPI_TypeDefEUlvE2_E10_M_managerERSt9_Any_dataRKS7_St18_Manager_operation
                0x0000000008001f9a       0x16 Device/HardwareSPI.o
 .text._ZNSt14_Function_base13_Base_managerIZN6Device11HardwareSPIC4EP11SPI_TypeDefEUlvE3_E10_M_managerERSt9_Any_dataRKS7_St18_Manager_operation
                0x0000000008001fb0       0x16 Device/HardwareSPI.o
 .text._ZNSt14_Function_base13_Base_managerIZN6Device11HardwareSPIC4EP11SPI_TypeDefEUlvE4_E10_M_managerERSt9_Any_dataRKS7_St18_Manager_operation
                0x0000000008001fc6       0x16 Device/HardwareSPI.o
 .text._ZN6Device11HardwareSPID2Ev
                0x0000000008001fdc       0x7c Device/HardwareSPI.o
                0x0000000008001fdc                Device::HardwareSPI::~HardwareSPI()
                0x0000000008001fdc                Device::HardwareSPI::~HardwareSPI()
 .text._ZNK6Device11HardwareSPI13beginTransmitEPKhj
                0x0000000008002058       0x24 Device/HardwareSPI.o
                0x0000000008002058                Device::HardwareSPI::beginTransmit(unsigned char const*, unsigned int) const
 .text._ZNK6Device11HardwareSPI12beginReceiveEPKhj
                0x000000000800207c       0x24 Device/HardwareSPI.o
                0x000000000800207c                Device::HardwareSPI::beginReceive(unsigned char const*, unsigned int) const
 .text._ZNK6Device11HardwareSPI13setClockPhaseENS0_10ClockPhaseE
                0x00000000080020a0       0x38 Device/HardwareSPI.o
                0x00000000080020a0                Device::HardwareSPI::setClockPhase(Device::HardwareSPI::ClockPhase) const
 .text._ZNK6Device11HardwareSPI12dmaTxHandlerEv
                0x00000000080020d8       0x50 Device/HardwareSPI.o
                0x00000000080020d8                Device::HardwareSPI::dmaTxHandler() const
 .text._ZNSt17_Function_handlerIFvvEZN6Device11HardwareSPIC4EP11SPI_TypeDefEUlvE0_E9_M_invokeERKSt9_Any_data
                0x0000000008002128        0x6 Device/HardwareSPI.o
 .text._ZNSt17_Function_handlerIFvvEZN6Device11HardwareSPIC4EP11SPI_TypeDefEUlvE3_E9_M_invokeERKSt9_Any_data
                0x000000000800212e        0x6 Device/HardwareSPI.o
 .text._ZNK6Device11HardwareSPI12dmaRxHandlerEv
                0x0000000008002134       0x48 Device/HardwareSPI.o
                0x0000000008002134                Device::HardwareSPI::dmaRxHandler() const
 .text._ZNSt17_Function_handlerIFvvEZN6Device11HardwareSPIC4EP11SPI_TypeDefEUlvE1_E9_M_invokeERKSt9_Any_data
                0x000000000800217c        0x6 Device/HardwareSPI.o
 .text._ZNSt17_Function_handlerIFvvEZN6Device11HardwareSPIC4EP11SPI_TypeDefEUlvE4_E9_M_invokeERKSt9_Any_data
                0x0000000008002182        0x6 Device/HardwareSPI.o
 .text._ZN6Device11HardwareSPIC2EP11SPI_TypeDef
                0x0000000008002188      0x338 Device/HardwareSPI.o
                0x0000000008002188                Device::HardwareSPI::HardwareSPI(SPI_TypeDef*)
                0x0000000008002188                Device::HardwareSPI::HardwareSPI(SPI_TypeDef*)
 .text._ZNSt14_Function_base13_Base_managerIZN6Device13HardwareTimerC4EP11TIM_TypeDefmEUlvE_E10_M_managerERSt9_Any_dataRKS7_St18_Manager_operation
                0x00000000080024c0       0x16 Device/HardwareTimer.o
 *fill*         0x00000000080024d6        0x2 
 .text._ZN6Device13HardwareTimerC2EP11TIM_TypeDefm
                0x00000000080024d8       0x98 Device/HardwareTimer.o
                0x00000000080024d8                Device::HardwareTimer::HardwareTimer(TIM_TypeDef*, unsigned long)
                0x00000000080024d8                Device::HardwareTimer::HardwareTimer(TIM_TypeDef*, unsigned long)
 .text._ZN6Device13HardwareTimerD2Ev
                0x0000000008002570       0x34 Device/HardwareTimer.o
                0x0000000008002570                Device::HardwareTimer::~HardwareTimer()
                0x0000000008002570                Device::HardwareTimer::~HardwareTimer()
 *fill*         0x00000000080025a4        0x4 
 .text._ZNK6Device13HardwareTimer5startEx
                0x00000000080025a8       0xec Device/HardwareTimer.o
                0x00000000080025a8                Device::HardwareTimer::start(long long) const
 .text._ZNK6Device13HardwareTimer4stopEv
                0x0000000008002694       0x14 Device/HardwareTimer.o
                0x0000000008002694                Device::HardwareTimer::stop() const
 .text._ZNK6Device13HardwareTimer13getWaitedTimeEv
                0x00000000080026a8       0x1a Device/HardwareTimer.o
                0x00000000080026a8                Device::HardwareTimer::getWaitedTime() const
 .text._ZNK6Device13HardwareTimer16interruptHandlerEv
                0x00000000080026c2       0x2e Device/HardwareTimer.o
                0x00000000080026c2                Device::HardwareTimer::interruptHandler() const
 .text._ZNSt17_Function_handlerIFvvEZN6Device13HardwareTimerC4EP11TIM_TypeDefmEUlvE_E9_M_invokeERKSt9_Any_data
                0x00000000080026f0        0x6 Device/HardwareTimer.o
 .text._ZNSt14_Function_base13_Base_managerIZN6Driver8TimerMgrIN6Device13HardwareTimerEN6System11EventLoop_tINS3_4CoreELj20EEELj20EEC4ERKS4_RKS8_EUlvE_E10_M_managerERSt9_Any_dataRKSG_St18_Manager_operation
                0x00000000080026f6       0x16 System/SystemManager.o
                0x00000000080026f6                std::_Function_base::_Base_manager<Driver::TimerMgr<Device::HardwareTimer, System::EventLoop_t<Device::Core, 20u>, 20u>::TimerMgr(Device::HardwareTimer const&, System::EventLoop_t<Device::Core, 20u> const&)::{lambda()#1}>::_M_manager(std::_Any_data&, std::_Function_base::_Base_manager<Driver::TimerMgr<Device::HardwareTimer, System::EventLoop_t<Device::Core, 20u>, 20u>::TimerMgr(Device::HardwareTimer const&, System::EventLoop_t<Device::Core, 20u> const&)::{lambda()#1}> const&, std::_Manager_operation)
 .text._ZNSt14_Function_base13_Base_managerIZN6Driver19RotaryEncoderDriverIN6Device15HardwareEncoderEN6System11EventLoop_tINS3_4CoreELj20EEEEC4ERKS4_RKS8_EUlvE_E10_M_managerERSt9_Any_dataRKSG_St18_Manager_operation
                0x000000000800270c       0x16 System/SystemManager.o
                0x000000000800270c                std::_Function_base::_Base_manager<Driver::RotaryEncoderDriver<Device::HardwareEncoder, System::EventLoop_t<Device::Core, 20u> >::RotaryEncoderDriver(Device::HardwareEncoder const&, System::EventLoop_t<Device::Core, 20u> const&)::{lambda()#1}>::_M_manager(std::_Any_data&, std::_Function_base::_Base_manager<Driver::RotaryEncoderDriver<Device::HardwareEncoder, System::EventLoop_t<Device::Core, 20u> >::RotaryEncoderDriver(Device::HardwareEncoder const&, System::EventLoop_t<Device::Core, 20u> const&)::{lambda()#1}> const&, std::_Manager_operation)
 .text._ZNSt14_Function_base13_Base_managerIZN6Driver19RotaryEncoderDriverIN6Device15HardwareEncoderEN6System11EventLoop_tINS3_4CoreELj20EEEEC4ERKS4_RKS8_EUlvE0_E10_M_managerERSt9_Any_dataRKSG_St18_Manager_operation
                0x0000000008002722       0x16 System/SystemManager.o
                0x0000000008002722                std::_Function_base::_Base_manager<Driver::RotaryEncoderDriver<Device::HardwareEncoder, System::EventLoop_t<Device::Core, 20u> >::RotaryEncoderDriver(Device::HardwareEncoder const&, System::EventLoop_t<Device::Core, 20u> const&)::{lambda()#2}>::_M_manager(std::_Any_data&, std::_Function_base::_Base_manager<Driver::RotaryEncoderDriver<Device::HardwareEncoder, System::EventLoop_t<Device::Core, 20u> >::RotaryEncoderDriver(Device::HardwareEncoder const&, System::EventLoop_t<Device::Core, 20u> const&)::{lambda()#2}> const&, std::_Manager_operation)
 .text._ZNSt14_Function_base13_Base_managerIZN6Driver19I2cMasterBusManagerIN6Device12HardwareI2C1EN6System11EventLoop_tINS3_4CoreELj20EEELj20EEC4ERKS4_RKS8_EUlN9MiscStuff9ErrorCodeEE_E10_M_managerERSt9_Any_dataRKSI_St18_Manager_operation
                0x0000000008002738       0x16 System/SystemManager.o
                0x0000000008002738                std::_Function_base::_Base_manager<Driver::I2cMasterBusManager<Device::HardwareI2C1, System::EventLoop_t<Device::Core, 20u>, 20u>::I2cMasterBusManager(Device::HardwareI2C1 const&, System::EventLoop_t<Device::Core, 20u> const&)::{lambda(MiscStuff::ErrorCode)#1}>::_M_manager(std::_Any_data&, std::_Function_base::_Base_manager<Driver::I2cMasterBusManager<Device::HardwareI2C1, System::EventLoop_t<Device::Core, 20u>, 20u>::I2cMasterBusManager(Device::HardwareI2C1 const&, System::EventLoop_t<Device::Core, 20u> const&)::{lambda(MiscStuff::ErrorCode)#1}> const&, std::_Manager_operation)
 .text._ZNSt14_Function_base13_Base_managerIZN6Driver19SpiMasterBusManagerIN6Device11HardwareSPIENS3_12HardwareGpioEN6System11EventLoop_tINS3_4CoreELj20EEELj20EEC4ERKS4_RKS9_EUlN9MiscStuff9ErrorCodeEE_E10_M_managerERSt9_Any_dataRKSJ_St18_Manager_operation
                0x000000000800274e       0x16 System/SystemManager.o
                0x000000000800274e                std::_Function_base::_Base_manager<Driver::SpiMasterBusManager<Device::HardwareSPI, Device::HardwareGpio, System::EventLoop_t<Device::Core, 20u>, 20u>::SpiMasterBusManager(Device::HardwareSPI const&, System::EventLoop_t<Device::Core, 20u> const&)::{lambda(MiscStuff::ErrorCode)#1}>::_M_manager(std::_Any_data&, std::_Function_base::_Base_manager<Driver::SpiMasterBusManager<Device::HardwareSPI, Device::HardwareGpio, System::EventLoop_t<Device::Core, 20u>, 20u>::SpiMasterBusManager(Device::HardwareSPI const&, System::EventLoop_t<Device::Core, 20u> const&)::{lambda(MiscStuff::ErrorCode)#1}> const&, std::_Manager_operation)
 .text._ZNSt14_Function_base13_Base_managerIZN6Driver11IoPinDriverIN6Device12HardwareGpioENS3_12InterruptMgrEN6System11EventLoop_tINS3_4CoreELj20EEEEC4ERKS4_NS4_3PinENSA_7PinTypeENS3_9GpioIntIdERKS9_EUlvE_E10_M_managerERSt9_Any_dataRKSK_St18_Manager_operation
                0x0000000008002764       0x16 System/SystemManager.o
                0x0000000008002764                std::_Function_base::_Base_manager<Driver::IoPinDriver<Device::HardwareGpio, Device::InterruptMgr, System::EventLoop_t<Device::Core, 20u> >::IoPinDriver(Device::HardwareGpio const&, Device::HardwareGpio::Pin, Driver::IoPinDriver<Device::HardwareGpio, Device::InterruptMgr, System::EventLoop_t<Device::Core, 20u> >::PinType, Device::GpioIntId, System::EventLoop_t<Device::Core, 20u> const&)::{lambda()#1}>::_M_manager(std::_Any_data&, std::_Function_base::_Base_manager<Driver::IoPinDriver<Device::HardwareGpio, Device::InterruptMgr, System::EventLoop_t<Device::Core, 20u> >::IoPinDriver(Device::HardwareGpio const&, Device::HardwareGpio::Pin, Driver::IoPinDriver<Device::HardwareGpio, Device::InterruptMgr, System::EventLoop_t<Device::Core, 20u> >::PinType, Device::GpioIntId, System::EventLoop_t<Device::Core, 20u> const&)::{lambda()#1}> const&, std::_Manager_operation)
 .text._ZNSt14_Function_base13_Base_managerIZN9Component15FourButtonArrayIN6Driver14I2cSlaveDriverINS3_19I2cMasterBusManagerIN6Device12HardwareI2C1EN6System11EventLoop_tINS6_4CoreELj20EEELj20EEEEENS3_11IoPinDriverINS6_12HardwareGpioENS6_12InterruptMgrESB_EESB_EC4ERKSD_RKSH_RKSB_EUlvE_E10_M_managerERSt9_Any_dataRKSR_St18_Manager_operation
                0x000000000800277a       0x16 System/SystemManager.o
                0x000000000800277a                std::_Function_base::_Base_manager<Component::FourButtonArray<Driver::I2cSlaveDriver<Driver::I2cMasterBusManager<Device::HardwareI2C1, System::EventLoop_t<Device::Core, 20u>, 20u> >, Driver::IoPinDriver<Device::HardwareGpio, Device::InterruptMgr, System::EventLoop_t<Device::Core, 20u> >, System::EventLoop_t<Device::Core, 20u> >::FourButtonArray(Driver::I2cSlaveDriver<Driver::I2cMasterBusManager<Device::HardwareI2C1, System::EventLoop_t<Device::Core, 20u>, 20u> > const&, Driver::IoPinDriver<Device::HardwareGpio, Device::InterruptMgr, System::EventLoop_t<Device::Core, 20u> > const&, System::EventLoop_t<Device::Core, 20u> const&)::{lambda()#1}>::_M_manager(std::_Any_data&, std::_Function_base::_Base_manager<Component::FourButtonArray<Driver::I2cSlaveDriver<Driver::I2cMasterBusManager<Device::HardwareI2C1, System::EventLoop_t<Device::Core, 20u>, 20u> >, Driver::IoPinDriver<Device::HardwareGpio, Device::InterruptMgr, System::EventLoop_t<Device::Core, 20u> >, System::EventLoop_t<Device::Core, 20u> >::FourButtonArray(Driver::I2cSlaveDriver<Driver::I2cMasterBusManager<Device::HardwareI2C1, System::EventLoop_t<Device::Core, 20u>, 20u> > const&, Driver::IoPinDriver<Device::HardwareGpio, Device::InterruptMgr, System::EventLoop_t<Device::Core, 20u> > const&, System::EventLoop_t<Device::Core, 20u> const&)::{lambda()#1}> const&, std::_Manager_operation)
 .text._ZNSt14_Function_base13_Base_managerIZN9Component7EncoderIN6Driver19RotaryEncoderDriverIN6Device15HardwareEncoderEN6System11EventLoop_tINS5_4CoreELj20EEEEENS3_11IoPinDriverINS5_12HardwareGpioENS5_12InterruptMgrESA_EESA_EC4ERKSB_RKSF_RKSA_EUlvE_E10_M_managerERSt9_Any_dataRKSP_St18_Manager_operation
                0x0000000008002790       0x16 System/SystemManager.o
                0x0000000008002790                std::_Function_base::_Base_manager<Component::Encoder<Driver::RotaryEncoderDriver<Device::HardwareEncoder, System::EventLoop_t<Device::Core, 20u> >, Driver::IoPinDriver<Device::HardwareGpio, Device::InterruptMgr, System::EventLoop_t<Device::Core, 20u> >, System::EventLoop_t<Device::Core, 20u> >::Encoder(Driver::RotaryEncoderDriver<Device::HardwareEncoder, System::EventLoop_t<Device::Core, 20u> > const&, Driver::IoPinDriver<Device::HardwareGpio, Device::InterruptMgr, System::EventLoop_t<Device::Core, 20u> > const&, System::EventLoop_t<Device::Core, 20u> const&)::{lambda()#1}>::_M_manager(std::_Any_data&, std::_Function_base::_Base_manager<Component::Encoder<Driver::RotaryEncoderDriver<Device::HardwareEncoder, System::EventLoop_t<Device::Core, 20u> >, Driver::IoPinDriver<Device::HardwareGpio, Device::InterruptMgr, System::EventLoop_t<Device::Core, 20u> >, System::EventLoop_t<Device::Core, 20u> >::Encoder(Driver::RotaryEncoderDriver<Device::HardwareEncoder, System::EventLoop_t<Device::Core, 20u> > const&, Driver::IoPinDriver<Device::HardwareGpio, Device::InterruptMgr, System::EventLoop_t<Device::Core, 20u> > const&, System::EventLoop_t<Device::Core, 20u> const&)::{lambda()#1}> const&, std::_Manager_operation)
 .text._ZNSt14_Function_base13_Base_managerIZN9Component14ExternalEEPROMIN6Driver14I2cSlaveDriverINS3_19I2cMasterBusManagerIN6Device12HardwareI2C1EN6System11EventLoop_tINS6_4CoreELj20EEELj20EEEEENS3_11IoPinDriverINS6_12HardwareGpioENS6_12InterruptMgrESB_EESB_NS3_8TimerMgrINS6_13HardwareTimerESB_Lj20EEEEC4ERKSD_RKSH_RKSB_RKSK_EUlvE_E10_M_managerERSt9_Any_dataRKSW_St18_Manager_operation
                0x00000000080027a6       0x16 System/SystemManager.o
                0x00000000080027a6                std::_Function_base::_Base_manager<Component::ExternalEEPROM<Driver::I2cSlaveDriver<Driver::I2cMasterBusManager<Device::HardwareI2C1, System::EventLoop_t<Device::Core, 20u>, 20u> >, Driver::IoPinDriver<Device::HardwareGpio, Device::InterruptMgr, System::EventLoop_t<Device::Core, 20u> >, System::EventLoop_t<Device::Core, 20u>, Driver::TimerMgr<Device::HardwareTimer, System::EventLoop_t<Device::Core, 20u>, 20u> >::ExternalEEPROM(Driver::I2cSlaveDriver<Driver::I2cMasterBusManager<Device::HardwareI2C1, System::EventLoop_t<Device::Core, 20u>, 20u> > const&, Driver::IoPinDriver<Device::HardwareGpio, Device::InterruptMgr, System::EventLoop_t<Device::Core, 20u> > const&, System::EventLoop_t<Device::Core, 20u> const&, Driver::TimerMgr<Device::HardwareTimer, System::EventLoop_t<Device::Core, 20u>, 20u> const&)::{lambda()#1}>::_M_manager(std::_Any_data&, std::_Function_base::_Base_manager<Component::ExternalEEPROM<Driver::I2cSlaveDriver<Driver::I2cMasterBusManager<Device::HardwareI2C1, System::EventLoop_t<Device::Core, 20u>, 20u> >, Driver::IoPinDriver<Device::HardwareGpio, Device::InterruptMgr, System::EventLoop_t<Device::Core, 20u> >, System::EventLoop_t<Device::Core, 20u>, Driver::TimerMgr<Device::HardwareTimer, System::EventLoop_t<Device::Core, 20u>, 20u> >::ExternalEEPROM(Driver::I2cSlaveDriver<Driver::I2cMasterBusManager<Device::HardwareI2C1, System::EventLoop_t<Device::Core, 20u>, 20u> > const&, Driver::IoPinDriver<Device::HardwareGpio, Device::InterruptMgr, System::EventLoop_t<Device::Core, 20u> > const&, System::EventLoop_t<Device::Core, 20u> const&, Driver::TimerMgr<Device::HardwareTimer, System::EventLoop_t<Device::Core, 20u>, 20u> const&)::{lambda()#1}> const&, std::_Manager_operation)
 .text._ZNSt14_Function_base13_Base_managerIZZZZNK9Component14ExternalEEPROMIN6Driver14I2cSlaveDriverINS3_19I2cMasterBusManagerIN6Device12HardwareI2C1EN6System11EventLoop_tINS6_4CoreELj20EEELj20EEEEENS3_11IoPinDriverINS6_12HardwareGpioENS6_12InterruptMgrESB_EESB_NS3_8TimerMgrINS6_13HardwareTimerESB_Lj20EEEE9saveValueIDniEEvtT0_OT_ENKUlvE0_clEvENKUlvE_clEvENKUlvE0_clEvEUlvE_E10_M_managerERSt9_Any_dataRKSV_St18_Manager_operation
                0x00000000080027bc       0x16 System/SystemManager.o
                0x00000000080027bc                std::_Function_base::_Base_manager<Component::ExternalEEPROM<Driver::I2cSlaveDriver<Driver::I2cMasterBusManager<Device::HardwareI2C1, System::EventLoop_t<Device::Core, 20u>, 20u> >, Driver::IoPinDriver<Device::HardwareGpio, Device::InterruptMgr, System::EventLoop_t<Device::Core, 20u> >, System::EventLoop_t<Device::Core, 20u>, Driver::TimerMgr<Device::HardwareTimer, System::EventLoop_t<Device::Core, 20u>, 20u> >::saveValue<decltype(nullptr), int>(unsigned short, int, decltype(nullptr)&&) const::{lambda()#2}::operator()() const::{lambda()#1}::operator()() const::{lambda()#2}::operator()() const::{lambda()#1}>::_M_manager(std::_Any_data&, {lambda()#2} const&, std::_Manager_operation)
 .text._ZNSt14_Function_base13_Base_managerIZN16SignalGeneration23SupportVoltageGeneratorIN6Driver14SpiSlaveDriverINS3_19SpiMasterBusManagerIN6Device11HardwareSPIENS6_12HardwareGpioEN6System11EventLoop_tINS6_4CoreELj20EEELj20EEES8_hEENS3_11IoPinDriverIS8_NS6_12InterruptMgrESC_EEEC4ERKSE_RKSH_EUlvE_E10_M_managerERSt9_Any_dataRKSP_St18_Manager_operation
                0x00000000080027d2       0x16 System/SystemManager.o
                0x00000000080027d2                std::_Function_base::_Base_manager<SignalGeneration::SupportVoltageGenerator<Driver::SpiSlaveDriver<Driver::SpiMasterBusManager<Device::HardwareSPI, Device::HardwareGpio, System::EventLoop_t<Device::Core, 20u>, 20u>, Device::HardwareGpio, unsigned char>, Driver::IoPinDriver<Device::HardwareGpio, Device::InterruptMgr, System::EventLoop_t<Device::Core, 20u> > >::SupportVoltageGenerator(Driver::SpiSlaveDriver<Driver::SpiMasterBusManager<Device::HardwareSPI, Device::HardwareGpio, System::EventLoop_t<Device::Core, 20u>, 20u>, Device::HardwareGpio, unsigned char> const&, Driver::IoPinDriver<Device::HardwareGpio, Device::InterruptMgr, System::EventLoop_t<Device::Core, 20u> > const&)::{lambda()#1}>::_M_manager(std::_Any_data&, std::_Function_base::_Base_manager<SignalGeneration::SupportVoltageGenerator<Driver::SpiSlaveDriver<Driver::SpiMasterBusManager<Device::HardwareSPI, Device::HardwareGpio, System::EventLoop_t<Device::Core, 20u>, 20u>, Device::HardwareGpio, unsigned char>, Driver::IoPinDriver<Device::HardwareGpio, Device::InterruptMgr, System::EventLoop_t<Device::Core, 20u> > >::SupportVoltageGenerator(Driver::SpiSlaveDriver<Driver::SpiMasterBusManager<Device::HardwareSPI, Device::HardwareGpio, System::EventLoop_t<Device::Core, 20u>, 20u>, Device::HardwareGpio, unsigned char> const&, Driver::IoPinDriver<Device::HardwareGpio, Device::InterruptMgr, System::EventLoop_t<Device::Core, 20u> > const&)::{lambda()#1}> const&, std::_Manager_operation)
 .text._ZNSt14_Function_base13_Base_managerIZNK9Component15FourButtonArrayIN6Driver14I2cSlaveDriverINS3_19I2cMasterBusManagerIN6Device12HardwareI2C1EN6System11EventLoop_tINS6_4CoreELj20EEELj20EEEEENS3_11IoPinDriverINS6_12HardwareGpioENS6_12InterruptMgrESB_EESB_E29buttonPressedInterruptHandlerEvEUlvE_E10_M_managerERSt9_Any_dataRKSL_St18_Manager_operation
                0x00000000080027e8       0x16 System/SystemManager.o
                0x00000000080027e8                std::_Function_base::_Base_manager<Component::FourButtonArray<Driver::I2cSlaveDriver<Driver::I2cMasterBusManager<Device::HardwareI2C1, System::EventLoop_t<Device::Core, 20u>, 20u> >, Driver::IoPinDriver<Device::HardwareGpio, Device::InterruptMgr, System::EventLoop_t<Device::Core, 20u> >, System::EventLoop_t<Device::Core, 20u> >::buttonPressedInterruptHandler() const::{lambda()#1}>::_M_manager(std::_Any_data&, std::_Function_base::_Base_manager<Component::FourButtonArray<Driver::I2cSlaveDriver<Driver::I2cMasterBusManager<Device::HardwareI2C1, System::EventLoop_t<Device::Core, 20u>, 20u> >, Driver::IoPinDriver<Device::HardwareGpio, Device::InterruptMgr, System::EventLoop_t<Device::Core, 20u> >, System::EventLoop_t<Device::Core, 20u> >::buttonPressedInterruptHandler() const::{lambda()#1}> const&, std::_Manager_operation)
 .text._ZNSt14_Function_base13_Base_managerIZZZNK9Component14ExternalEEPROMIN6Driver14I2cSlaveDriverINS3_19I2cMasterBusManagerIN6Device12HardwareI2C1EN6System11EventLoop_tINS6_4CoreELj20EEELj20EEEEENS3_11IoPinDriverINS6_12HardwareGpioENS6_12InterruptMgrESB_EESB_NS3_8TimerMgrINS6_13HardwareTimerESB_Lj20EEEE9saveValueIDniEEvtT0_OT_ENKUlvE0_clEvENKUlvE_clEvEUlvE_E10_M_managerERSt9_Any_dataRKSU_St18_Manager_operation
                0x00000000080027fe       0x16 System/SystemManager.o
                0x00000000080027fe                std::_Function_base::_Base_manager<Component::ExternalEEPROM<Driver::I2cSlaveDriver<Driver::I2cMasterBusManager<Device::HardwareI2C1, System::EventLoop_t<Device::Core, 20u>, 20u> >, Driver::IoPinDriver<Device::HardwareGpio, Device::InterruptMgr, System::EventLoop_t<Device::Core, 20u> >, System::EventLoop_t<Device::Core, 20u>, Driver::TimerMgr<Device::HardwareTimer, System::EventLoop_t<Device::Core, 20u>, 20u> >::saveValue<decltype(nullptr), int>(unsigned short, int, decltype(nullptr)&&) const::{lambda()#2}::operator()() const::{lambda()#1}::operator()() const::{lambda()#1}>::_M_manager(std::_Any_data&, {lambda()#1} const&, std::_Manager_operation)
 .text._ZNSt14_Function_base13_Base_managerIZZZNK9Component14ExternalEEPROMIN6Driver14I2cSlaveDriverINS3_19I2cMasterBusManagerIN6Device12HardwareI2C1EN6System11EventLoop_tINS6_4CoreELj20EEELj20EEEEENS3_11IoPinDriverINS6_12HardwareGpioENS6_12InterruptMgrESB_EESB_NS3_8TimerMgrINS6_13HardwareTimerESB_Lj20EEEE9saveValueIDniEEvtT0_OT_ENKUlvE0_clEvENKUlvE_clEvEUlvE0_E10_M_managerERSt9_Any_dataRKSU_St18_Manager_operation
                0x0000000008002814       0x16 System/SystemManager.o
                0x0000000008002814                std::_Function_base::_Base_manager<Component::ExternalEEPROM<Driver::I2cSlaveDriver<Driver::I2cMasterBusManager<Device::HardwareI2C1, System::EventLoop_t<Device::Core, 20u>, 20u> >, Driver::IoPinDriver<Device::HardwareGpio, Device::InterruptMgr, System::EventLoop_t<Device::Core, 20u> >, System::EventLoop_t<Device::Core, 20u>, Driver::TimerMgr<Device::HardwareTimer, System::EventLoop_t<Device::Core, 20u>, 20u> >::saveValue<decltype(nullptr), int>(unsigned short, int, decltype(nullptr)&&) const::{lambda()#2}::operator()() const::{lambda()#1}::operator()() const::{lambda()#2}>::_M_manager(std::_Any_data&, {lambda()#2} const&, std::_Manager_operation)
 .text._ZNSt14_Function_base13_Base_managerIZNK9Component14ExternalEEPROMIN6Driver14I2cSlaveDriverINS3_19I2cMasterBusManagerIN6Device12HardwareI2C1EN6System11EventLoop_tINS6_4CoreELj20EEELj20EEEEENS3_11IoPinDriverINS6_12HardwareGpioENS6_12InterruptMgrESB_EESB_NS3_8TimerMgrINS6_13HardwareTimerESB_Lj20EEEE9saveValueIDniEEvtT0_OT_EUlvE_E10_M_managerERSt9_Any_dataRKSS_St18_Manager_operation
                0x000000000800282a       0x16 System/SystemManager.o
                0x000000000800282a                std::_Function_base::_Base_manager<Component::ExternalEEPROM<Driver::I2cSlaveDriver<Driver::I2cMasterBusManager<Device::HardwareI2C1, System::EventLoop_t<Device::Core, 20u>, 20u> >, Driver::IoPinDriver<Device::HardwareGpio, Device::InterruptMgr, System::EventLoop_t<Device::Core, 20u> >, System::EventLoop_t<Device::Core, 20u>, Driver::TimerMgr<Device::HardwareTimer, System::EventLoop_t<Device::Core, 20u>, 20u> >::saveValue<decltype(nullptr), int>(unsigned short, int, decltype(nullptr)&&) const::{lambda()#1}>::_M_manager(std::_Any_data&, std::_Function_base::_Base_manager<Component::ExternalEEPROM<Driver::I2cSlaveDriver<Driver::I2cMasterBusManager<Device::HardwareI2C1, System::EventLoop_t<Device::Core, 20u>, 20u> >, Driver::IoPinDriver<Device::HardwareGpio, Device::InterruptMgr, System::EventLoop_t<Device::Core, 20u> >, System::EventLoop_t<Device::Core, 20u>, Driver::TimerMgr<Device::HardwareTimer, System::EventLoop_t<Device::Core, 20u>, 20u> >::saveValue<decltype(nullptr), int>(unsigned short, int, decltype(nullptr)&&) const::{lambda()#1}> const&, std::_Manager_operation)
 .text._ZNSt14_Function_base13_Base_managerIZNK9Component14ExternalEEPROMIN6Driver14I2cSlaveDriverINS3_19I2cMasterBusManagerIN6Device12HardwareI2C1EN6System11EventLoop_tINS6_4CoreELj20EEELj20EEEEENS3_11IoPinDriverINS6_12HardwareGpioENS6_12InterruptMgrESB_EESB_NS3_8TimerMgrINS6_13HardwareTimerESB_Lj20EEEE9loadValueIZNSL_C4ERKSD_RKSH_RKSB_RKSK_EUlvE_mEEvtPT0_OT_EUlvE_E10_M_managerERSt9_Any_dataRKS12_St18_Manager_operation
                0x0000000008002840       0x1a System/SystemManager.o
                0x0000000008002840                std::_Function_base::_Base_manager<Component::ExternalEEPROM<Driver::I2cSlaveDriver<Driver::I2cMasterBusManager<Device::HardwareI2C1, System::EventLoop_t<Device::Core, 20u>, 20u> >, Driver::IoPinDriver<Device::HardwareGpio, Device::InterruptMgr, System::EventLoop_t<Device::Core, 20u> >, System::EventLoop_t<Device::Core, 20u>, Driver::TimerMgr<Device::HardwareTimer, System::EventLoop_t<Device::Core, 20u>, 20u> >::loadValue<Component::ExternalEEPROM<Driver::I2cSlaveDriver<Driver::I2cMasterBusManager<Device::HardwareI2C1, System::EventLoop_t<Device::Core, 20u>, 20u> >, Driver::IoPinDriver<Device::HardwareGpio, Device::InterruptMgr, System::EventLoop_t<Device::Core, 20u> >, System::EventLoop_t<Device::Core, 20u>, Driver::TimerMgr<Device::HardwareTimer, System::EventLoop_t<Device::Core, 20u>, 20u> >::loadValue(Driver::I2cSlaveDriver<Driver::I2cMasterBusManager<Device::HardwareI2C1, System::EventLoop_t<Device::Core, 20u>, 20u> > const&, Driver::IoPinDriver<Device::HardwareGpio, Device::InterruptMgr, System::EventLoop_t<Device::Core, 20u> > const&, System::EventLoop_t<Device::Core, 20u> const&, Driver::TimerMgr<Device::HardwareTimer, System::EventLoop_t<Device::Core, 20u>, 20u> const&)::{lambda()#1}, unsigned long>(unsigned short, unsigned long*, Component::ExternalEEPROM<Driver::I2cSlaveDriver<Driver::I2cMasterBusManager<Device::HardwareI2C1, System::EventLoop_t<Device::Core, 20u>, 20u> >, Driver::IoPinDriver<Device::HardwareGpio, Device::InterruptMgr, System::EventLoop_t<Device::Core, 20u> >, System::EventLoop_t<Device::Core, 20u>, Driver::TimerMgr<Device::HardwareTimer, System::EventLoop_t<Device::Core, 20u>, 20u> >::loadValue(Driver::I2cSlaveDriver<Driver::I2cMasterBusManager<Device::HardwareI2C1, System::EventLoop_t<Device::Core, 20u>, 20u> > const&, Driver::IoPinDriver<Device::HardwareGpio, Device::InterruptMgr, System::EventLoop_t<Device::Core, 20u> > const&, System::EventLoop_t<Device::Core, 20u> const&, Driver::TimerMgr<Device::HardwareTimer, System::EventLoop_t<Device::Core, 20u>, 20u> const&)::{lambda()#1}&&) const::{lambda()#1}>::_M_manager(std::_Any_data&, Component::ExternalEEPROM<Driver::I2cSlaveDriver<Driver::I2cMasterBusManager<Device::HardwareI2C1, System::EventLoop_t<Device::Core, 20u>, 20u> >, Driver::IoPinDriver<Device::HardwareGpio, Device::InterruptMgr, System::EventLoop_t<Device::Core, 20u> >, System::EventLoop_t<Device::Core, 20u>, Driver::TimerMgr<Device::HardwareTimer, System::EventLoop_t<Device::Core, 20u>, 20u> >::loadValue<Component::ExternalEEPROM<Driver::I2cSlaveDriver<Driver::I2cMasterBusManager<Device::HardwareI2C1, System::EventLoop_t<Device::Core, 20u>, 20u> >, Driver::IoPinDriver<Device::HardwareGpio, Device::InterruptMgr, System::EventLoop_t<Device::Core, 20u> >, System::EventLoop_t<Device::Core, 20u>, Driver::TimerMgr<Device::HardwareTimer, System::EventLoop_t<Device::Core, 20u>, 20u> >::loadValue(Driver::I2cSlaveDriver<Driver::I2cMasterBusManager<Device::HardwareI2C1, System::EventLoop_t<Device::Core, 20u>, 20u> > const&, Driver::IoPinDriver<Device::HardwareGpio, Device::InterruptMgr, System::EventLoop_t<Device::Core, 20u> > const&, System::EventLoop_t<Device::Core, 20u> const&, Driver::TimerMgr<Device::HardwareTimer, System::EventLoop_t<Device::Core, 20u>, 20u> const&)::{lambda()#1}, unsigned long>(unsigned short, unsigned long*, Component::ExternalEEPROM<Driver::I2cSlaveDriver<Driver::I2cMasterBusManager<Device::HardwareI2C1, System::EventLoop_t<Device::Core, 20u>, 20u> >, Driver::IoPinDriver<Device::HardwareGpio, Device::InterruptMgr, System::EventLoop_t<Device::Core, 20u> >, System::EventLoop_t<Device::Core, 20u>, Driver::TimerMgr<Device::HardwareTimer, System::EventLoop_t<Device::Core, 20u>, 20u> >::loadValue(Driver::I2cSlaveDriver<Driver::I2cMasterBusManager<Device::HardwareI2C1, System::EventLoop_t<Device::Core, 20u>, 20u> > const&, Driver::IoPinDriver<Device::HardwareGpio, Device::InterruptMgr, System::EventLoop_t<Device::Core, 20u> > const&, System::EventLoop_t<Device::Core, 20u> const&, Driver::TimerMgr<Device::HardwareTimer, System::EventLoop_t<Device::Core, 20u>, 20u> const&)::{lambda()#1}&&) const::{lambda()#1} const&, std::_Manager_operation)
 .text._ZNSt8functionIFvvEEaSEDn.isra.4
                0x000000000800285a       0x18 System/SystemManager.o
 .text._ZNSt14_Function_base13_Base_managerIZZNK9Component14ExternalEEPROMIN6Driver14I2cSlaveDriverINS3_19I2cMasterBusManagerIN6Device12HardwareI2C1EN6System11EventLoop_tINS6_4CoreELj20EEELj20EEEEENS3_11IoPinDriverINS6_12HardwareGpioENS6_12InterruptMgrESB_EESB_NS3_8TimerMgrINS6_13HardwareTimerESB_Lj20EEEE9saveValueIDniEEvtT0_OT_ENKUlvE0_clEvEUlvE_E10_M_managerERSt9_Any_dataRKST_St18_Manager_operation
                0x0000000008002872       0x36 System/SystemManager.o
                0x0000000008002872                std::_Function_base::_Base_manager<Component::ExternalEEPROM<Driver::I2cSlaveDriver<Driver::I2cMasterBusManager<Device::HardwareI2C1, System::EventLoop_t<Device::Core, 20u>, 20u> >, Driver::IoPinDriver<Device::HardwareGpio, Device::InterruptMgr, System::EventLoop_t<Device::Core, 20u> >, System::EventLoop_t<Device::Core, 20u>, Driver::TimerMgr<Device::HardwareTimer, System::EventLoop_t<Device::Core, 20u>, 20u> >::saveValue<decltype(nullptr), int>(unsigned short, int, decltype(nullptr)&&) const::{lambda()#2}::operator()() const::{lambda()#1}>::_M_manager(std::_Any_data&, Component::ExternalEEPROM<Driver::I2cSlaveDriver<Driver::I2cMasterBusManager<Device::HardwareI2C1, System::EventLoop_t<Device::Core, 20u>, 20u> >, Driver::IoPinDriver<Device::HardwareGpio, Device::InterruptMgr, System::EventLoop_t<Device::Core, 20u> >, System::EventLoop_t<Device::Core, 20u>, Driver::TimerMgr<Device::HardwareTimer, System::EventLoop_t<Device::Core, 20u>, 20u> >::saveValue<decltype(nullptr), int>(unsigned short, int, decltype(nullptr)&&) const::{lambda()#2}::operator()() const::{lambda()#1} const&, std::_Manager_operation)
 .text._ZNSt14_Function_base13_Base_managerIZNK9Component14ExternalEEPROMIN6Driver14I2cSlaveDriverINS3_19I2cMasterBusManagerIN6Device12HardwareI2C1EN6System11EventLoop_tINS6_4CoreELj20EEELj20EEEEENS3_11IoPinDriverINS6_12HardwareGpioENS6_12InterruptMgrESB_EESB_NS3_8TimerMgrINS6_13HardwareTimerESB_Lj20EEEE9saveValueIDniEEvtT0_OT_EUlvE0_E10_M_managerERSt9_Any_dataRKSS_St18_Manager_operation
                0x00000000080028a8       0x36 System/SystemManager.o
                0x00000000080028a8                std::_Function_base::_Base_manager<Component::ExternalEEPROM<Driver::I2cSlaveDriver<Driver::I2cMasterBusManager<Device::HardwareI2C1, System::EventLoop_t<Device::Core, 20u>, 20u> >, Driver::IoPinDriver<Device::HardwareGpio, Device::InterruptMgr, System::EventLoop_t<Device::Core, 20u> >, System::EventLoop_t<Device::Core, 20u>, Driver::TimerMgr<Device::HardwareTimer, System::EventLoop_t<Device::Core, 20u>, 20u> >::saveValue<decltype(nullptr), int>(unsigned short, int, decltype(nullptr)&&) const::{lambda()#2}>::_M_manager(std::_Any_data&, std::_Function_base::_Base_manager<Component::ExternalEEPROM<Driver::I2cSlaveDriver<Driver::I2cMasterBusManager<Device::HardwareI2C1, System::EventLoop_t<Device::Core, 20u>, 20u> >, Driver::IoPinDriver<Device::HardwareGpio, Device::InterruptMgr, System::EventLoop_t<Device::Core, 20u> >, System::EventLoop_t<Device::Core, 20u>, Driver::TimerMgr<Device::HardwareTimer, System::EventLoop_t<Device::Core, 20u>, 20u> >::saveValue<decltype(nullptr), int>(unsigned short, int, decltype(nullptr)&&) const::{lambda()#2}> const&, std::_Manager_operation)
 .text._ZNK6Device12HardwareGpio10setPinModeENS0_3PinENS0_7PinModeE
                0x00000000080028de       0x18 System/SystemManager.o
                0x00000000080028de                Device::HardwareGpio::setPinMode(Device::HardwareGpio::Pin, Device::HardwareGpio::PinMode) const
 .text._ZNK6Device12HardwareGpio16setPinOutputTypeENS0_3PinENS0_13PinOutputTypeE
                0x00000000080028f6       0x16 System/SystemManager.o
                0x00000000080028f6                Device::HardwareGpio::setPinOutputType(Device::HardwareGpio::Pin, Device::HardwareGpio::PinOutputType) const
 .text._ZNK6Device12HardwareGpio17setPinOutputSpeedENS0_3PinENS0_14PinOutputSpeedE
                0x000000000800290c       0x18 System/SystemManager.o
                0x000000000800290c                Device::HardwareGpio::setPinOutputSpeed(Device::HardwareGpio::Pin, Device::HardwareGpio::PinOutputSpeed) const
 .text._ZNK6Device12HardwareGpio16setPinPullUpDownENS0_3PinENS0_13PinPullUpDownE
                0x0000000008002924       0x18 System/SystemManager.o
                0x0000000008002924                Device::HardwareGpio::setPinPullUpDown(Device::HardwareGpio::Pin, Device::HardwareGpio::PinPullUpDown) const
 .text._ZNK6Device12HardwareGpio12setPinStatusENS0_3PinENS0_9PinStatusE
                0x000000000800293c       0x16 System/SystemManager.o
                0x000000000800293c                Device::HardwareGpio::setPinStatus(Device::HardwareGpio::Pin, Device::HardwareGpio::PinStatus) const
 .text._ZN6Driver14SpiSlaveDriverINS_19SpiMasterBusManagerIN6Device11HardwareSPIENS2_12HardwareGpioEN6System11EventLoop_tINS2_4CoreELj20EEELj20EEES4_hEC2ERKS9_RKS4_NS4_3PinE
                0x0000000008002952       0x44 System/SystemManager.o
                0x0000000008002952                Driver::SpiSlaveDriver<Driver::SpiMasterBusManager<Device::HardwareSPI, Device::HardwareGpio, System::EventLoop_t<Device::Core, 20u>, 20u>, Device::HardwareGpio, unsigned char>::SpiSlaveDriver(Driver::SpiMasterBusManager<Device::HardwareSPI, Device::HardwareGpio, System::EventLoop_t<Device::Core, 20u>, 20u> const&, Device::HardwareGpio const&, Device::HardwareGpio::Pin)
                0x0000000008002952                Driver::SpiSlaveDriver<Driver::SpiMasterBusManager<Device::HardwareSPI, Device::HardwareGpio, System::EventLoop_t<Device::Core, 20u>, 20u>, Device::HardwareGpio, unsigned char>::SpiSlaveDriver(Driver::SpiMasterBusManager<Device::HardwareSPI, Device::HardwareGpio, System::EventLoop_t<Device::Core, 20u>, 20u> const&, Device::HardwareGpio const&, Device::HardwareGpio::Pin)
 .text._ZN9Component7DisplayIN6Driver14SpiSlaveDriverINS1_19SpiMasterBusManagerIN6Device11HardwareSPIENS4_12HardwareGpioEN6System11EventLoop_tINS4_4CoreELj20EEELj20EEES6_hEENS1_21BackgroundColorDriverINS4_11HardwarePWMEEEEC2ERKSC_RKSF_
                0x0000000008002996       0x80 System/SystemManager.o
                0x0000000008002996                Component::Display<Driver::SpiSlaveDriver<Driver::SpiMasterBusManager<Device::HardwareSPI, Device::HardwareGpio, System::EventLoop_t<Device::Core, 20u>, 20u>, Device::HardwareGpio, unsigned char>, Driver::BackgroundColorDriver<Device::HardwarePWM> >::Display(Driver::SpiSlaveDriver<Driver::SpiMasterBusManager<Device::HardwareSPI, Device::HardwareGpio, System::EventLoop_t<Device::Core, 20u>, 20u>, Device::HardwareGpio, unsigned char> const&, Driver::BackgroundColorDriver<Device::HardwarePWM> const&)
                0x0000000008002996                Component::Display<Driver::SpiSlaveDriver<Driver::SpiMasterBusManager<Device::HardwareSPI, Device::HardwareGpio, System::EventLoop_t<Device::Core, 20u>, 20u>, Device::HardwareGpio, unsigned char>, Driver::BackgroundColorDriver<Device::HardwarePWM> >::Display(Driver::SpiSlaveDriver<Driver::SpiMasterBusManager<Device::HardwareSPI, Device::HardwareGpio, System::EventLoop_t<Device::Core, 20u>, 20u>, Device::HardwareGpio, unsigned char> const&, Driver::BackgroundColorDriver<Device::HardwarePWM> const&)
 .text._ZN6Driver19I2cMasterBusManagerIN6Device12HardwareI2C1EN6System11EventLoop_tINS1_4CoreELj20EEELj20EE9I2cTask_tD2Ev
                0x0000000008002a16       0x16 System/SystemManager.o
                0x0000000008002a16                Driver::I2cMasterBusManager<Device::HardwareI2C1, System::EventLoop_t<Device::Core, 20u>, 20u>::I2cTask_t::~I2cTask_t()
                0x0000000008002a16                Driver::I2cMasterBusManager<Device::HardwareI2C1, System::EventLoop_t<Device::Core, 20u>, 20u>::I2cTask_t::~I2cTask_t()
 .text._ZN6System7ManagerD2Ev
                0x0000000008002a2c      0x1c0 System/SystemManager.o
                0x0000000008002a2c                System::Manager::~Manager()
                0x0000000008002a2c                System::Manager::~Manager()
 .text._ZNK6Driver11IoPinDriverIN6Device12HardwareGpioENS1_12InterruptMgrEN6System11EventLoop_tINS1_4CoreELj20EEEE7setHighEv
                0x0000000008002bec        0xe System/SystemManager.o
                0x0000000008002bec                Driver::IoPinDriver<Device::HardwareGpio, Device::InterruptMgr, System::EventLoop_t<Device::Core, 20u> >::setHigh() const
 .text._ZN16SignalGeneration24DirectDigitalSynthesizerIN6Driver14SpiSlaveDriverINS1_19SpiMasterBusManagerIN6Device11HardwareSPIENS4_12HardwareGpioEN6System11EventLoop_tINS4_4CoreELj20EEELj20EEES6_hEENS1_11IoPinDriverIS6_NS4_12InterruptMgrESA_EEEC2ERKSC_RKSF_
                0x0000000008002bfa       0x2a System/SystemManager.o
                0x0000000008002bfa                SignalGeneration::DirectDigitalSynthesizer<Driver::SpiSlaveDriver<Driver::SpiMasterBusManager<Device::HardwareSPI, Device::HardwareGpio, System::EventLoop_t<Device::Core, 20u>, 20u>, Device::HardwareGpio, unsigned char>, Driver::IoPinDriver<Device::HardwareGpio, Device::InterruptMgr, System::EventLoop_t<Device::Core, 20u> > >::DirectDigitalSynthesizer(Driver::SpiSlaveDriver<Driver::SpiMasterBusManager<Device::HardwareSPI, Device::HardwareGpio, System::EventLoop_t<Device::Core, 20u>, 20u>, Device::HardwareGpio, unsigned char> const&, Driver::IoPinDriver<Device::HardwareGpio, Device::InterruptMgr, System::EventLoop_t<Device::Core, 20u> > const&)
                0x0000000008002bfa                SignalGeneration::DirectDigitalSynthesizer<Driver::SpiSlaveDriver<Driver::SpiMasterBusManager<Device::HardwareSPI, Device::HardwareGpio, System::EventLoop_t<Device::Core, 20u>, 20u>, Device::HardwareGpio, unsigned char>, Driver::IoPinDriver<Device::HardwareGpio, Device::InterruptMgr, System::EventLoop_t<Device::Core, 20u> > >::DirectDigitalSynthesizer(Driver::SpiSlaveDriver<Driver::SpiMasterBusManager<Device::HardwareSPI, Device::HardwareGpio, System::EventLoop_t<Device::Core, 20u>, 20u>, Device::HardwareGpio, unsigned char> const&, Driver::IoPinDriver<Device::HardwareGpio, Device::InterruptMgr, System::EventLoop_t<Device::Core, 20u> > const&)
 .text._ZNSt17_Function_handlerIFvvEZZZZNK9Component14ExternalEEPROMIN6Driver14I2cSlaveDriverINS3_19I2cMasterBusManagerIN6Device12HardwareI2C1EN6System11EventLoop_tINS6_4CoreELj20EEELj20EEEEENS3_11IoPinDriverINS6_12HardwareGpioENS6_12InterruptMgrESB_EESB_NS3_8TimerMgrINS6_13HardwareTimerESB_Lj20EEEE9saveValueIDniEEvtT0_OT_ENKUlvE0_clEvENKUlvE_clEvENKUlvE0_clEvEUlvE_E9_M_invokeERKSt9_Any_data
                0x0000000008002c24        0xc System/SystemManager.o
                0x0000000008002c24                std::_Function_handler<void (), Component::ExternalEEPROM<Driver::I2cSlaveDriver<Driver::I2cMasterBusManager<Device::HardwareI2C1, System::EventLoop_t<Device::Core, 20u>, 20u> >, Driver::IoPinDriver<Device::HardwareGpio, Device::InterruptMgr, System::EventLoop_t<Device::Core, 20u> >, System::EventLoop_t<Device::Core, 20u>, Driver::TimerMgr<Device::HardwareTimer, System::EventLoop_t<Device::Core, 20u>, 20u> >::saveValue<decltype(nullptr), int>(unsigned short, int, decltype(nullptr)&&) const::{lambda()#2}::operator()() const::{lambda()#1}::operator()() const::{lambda()#2}::operator()() const::{lambda()#1}>::_M_invoke(std::_Any_data const&)
 .text._ZNK6Driver11IoPinDriverIN6Device12HardwareGpioENS1_12InterruptMgrEN6System11EventLoop_tINS1_4CoreELj20EEEE6setLowEv
                0x0000000008002c30        0xe System/SystemManager.o
                0x0000000008002c30                Driver::IoPinDriver<Device::HardwareGpio, Device::InterruptMgr, System::EventLoop_t<Device::Core, 20u> >::setLow() const
 .text._ZNSt17_Function_handlerIFvvEZNK9Component14ExternalEEPROMIN6Driver14I2cSlaveDriverINS3_19I2cMasterBusManagerIN6Device12HardwareI2C1EN6System11EventLoop_tINS6_4CoreELj20EEELj20EEEEENS3_11IoPinDriverINS6_12HardwareGpioENS6_12InterruptMgrESB_EESB_NS3_8TimerMgrINS6_13HardwareTimerESB_Lj20EEEE9saveValueIDniEEvtT0_OT_EUlvE_E9_M_invokeERKSt9_Any_data
                0x0000000008002c3e        0xc System/SystemManager.o
                0x0000000008002c3e                std::_Function_handler<void (), Component::ExternalEEPROM<Driver::I2cSlaveDriver<Driver::I2cMasterBusManager<Device::HardwareI2C1, System::EventLoop_t<Device::Core, 20u>, 20u> >, Driver::IoPinDriver<Device::HardwareGpio, Device::InterruptMgr, System::EventLoop_t<Device::Core, 20u> >, System::EventLoop_t<Device::Core, 20u>, Driver::TimerMgr<Device::HardwareTimer, System::EventLoop_t<Device::Core, 20u>, 20u> >::saveValue<decltype(nullptr), int>(unsigned short, int, decltype(nullptr)&&) const::{lambda()#1}>::_M_invoke(std::_Any_data const&)
 .text._ZNSt17_Function_handlerIFvvEZZZNK9Component14ExternalEEPROMIN6Driver14I2cSlaveDriverINS3_19I2cMasterBusManagerIN6Device12HardwareI2C1EN6System11EventLoop_tINS6_4CoreELj20EEELj20EEEEENS3_11IoPinDriverINS6_12HardwareGpioENS6_12InterruptMgrESB_EESB_NS3_8TimerMgrINS6_13HardwareTimerESB_Lj20EEEE9saveValueIDniEEvtT0_OT_ENKUlvE0_clEvENKUlvE_clEvEUlvE_E9_M_invokeERKSt9_Any_data
                0x0000000008002c4a        0xc System/SystemManager.o
                0x0000000008002c4a                std::_Function_handler<void (), Component::ExternalEEPROM<Driver::I2cSlaveDriver<Driver::I2cMasterBusManager<Device::HardwareI2C1, System::EventLoop_t<Device::Core, 20u>, 20u> >, Driver::IoPinDriver<Device::HardwareGpio, Device::InterruptMgr, System::EventLoop_t<Device::Core, 20u> >, System::EventLoop_t<Device::Core, 20u>, Driver::TimerMgr<Device::HardwareTimer, System::EventLoop_t<Device::Core, 20u>, 20u> >::saveValue<decltype(nullptr), int>(unsigned short, int, decltype(nullptr)&&) const::{lambda()#2}::operator()() const::{lambda()#1}::operator()() const::{lambda()#1}>::_M_invoke(std::_Any_data const&)
 .text._ZNSt17_Function_handlerIFvvEZN16SignalGeneration23SupportVoltageGeneratorIN6Driver14SpiSlaveDriverINS3_19SpiMasterBusManagerIN6Device11HardwareSPIENS6_12HardwareGpioEN6System11EventLoop_tINS6_4CoreELj20EEELj20EEES8_hEENS3_11IoPinDriverIS8_NS6_12InterruptMgrESC_EEEC4ERKSE_RKSH_EUlvE_E9_M_invokeERKSt9_Any_data
                0x0000000008002c56       0x16 System/SystemManager.o
                0x0000000008002c56                std::_Function_handler<void (), SignalGeneration::SupportVoltageGenerator<Driver::SpiSlaveDriver<Driver::SpiMasterBusManager<Device::HardwareSPI, Device::HardwareGpio, System::EventLoop_t<Device::Core, 20u>, 20u>, Device::HardwareGpio, unsigned char>, Driver::IoPinDriver<Device::HardwareGpio, Device::InterruptMgr, System::EventLoop_t<Device::Core, 20u> > >::SupportVoltageGenerator(Driver::SpiSlaveDriver<Driver::SpiMasterBusManager<Device::HardwareSPI, Device::HardwareGpio, System::EventLoop_t<Device::Core, 20u>, 20u>, Device::HardwareGpio, unsigned char> const&, Driver::IoPinDriver<Device::HardwareGpio, Device::InterruptMgr, System::EventLoop_t<Device::Core, 20u> > const&)::{lambda()#1}>::_M_invoke(std::_Any_data const&)
 .text._ZNK6Driver19I2cMasterBusManagerIN6Device12HardwareI2C1EN6System11EventLoop_tINS1_4CoreELj20EEELj20EE13startNextTaskEv
                0x0000000008002c6c       0x58 System/SystemManager.o
                0x0000000008002c6c                Driver::I2cMasterBusManager<Device::HardwareI2C1, System::EventLoop_t<Device::Core, 20u>, 20u>::startNextTask() const
 .text._ZNSt8functionIFvvEEC2ERKS1_
                0x0000000008002cc4       0x1e System/SystemManager.o
                0x0000000008002cc4                std::function<void ()>::function(std::function<void ()> const&)
                0x0000000008002cc4                std::function<void ()>::function(std::function<void ()> const&)
 .text._ZNK6Driver19SpiMasterBusManagerIN6Device11HardwareSPIENS1_12HardwareGpioEN6System11EventLoop_tINS1_4CoreELj20EEELj20EE13startNextTaskEv
                0x0000000008002ce2       0xbe System/SystemManager.o
                0x0000000008002ce2                Driver::SpiMasterBusManager<Device::HardwareSPI, Device::HardwareGpio, System::EventLoop_t<Device::Core, 20u>, 20u>::startNextTask() const
 .text._ZSt4swapISt9_Any_dataENSt9enable_ifIXsrSt6__and_IJSt6__not_ISt15__is_tuple_likeIT_EESt21is_move_constructibleIS5_ESt18is_move_assignableIS5_EEE5valueEvE4typeERS5_SF_
                0x0000000008002da0       0x24 System/SystemManager.o
                0x0000000008002da0                std::enable_if<std::__and_<std::__not_<std::__is_tuple_like<std::_Any_data> >, std::is_move_constructible<std::_Any_data>, std::is_move_assignable<std::_Any_data> >::value, void>::type std::swap<std::_Any_data>(std::_Any_data&, std::_Any_data&)
 .text._ZNSt8functionIFvvEEaSERKS1_
                0x0000000008002dc4       0x1e System/SystemManager.o
                0x0000000008002dc4                std::function<void ()>::operator=(std::function<void ()> const&)
 .text._ZN4Util14CircularBufferIN6Driver19SpiMasterBusManagerIN6Device11HardwareSPIENS3_12HardwareGpioEN6System11EventLoop_tINS3_4CoreELj20EEELj20EE9SpiTask_tELj20EE4pushEOSB_
                0x0000000008002de2       0x6a System/SystemManager.o
                0x0000000008002de2                Util::CircularBuffer<Driver::SpiMasterBusManager<Device::HardwareSPI, Device::HardwareGpio, System::EventLoop_t<Device::Core, 20u>, 20u>::SpiTask_t, 20u>::push(Driver::SpiMasterBusManager<Device::HardwareSPI, Device::HardwareGpio, System::EventLoop_t<Device::Core, 20u>, 20u>::SpiTask_t&&)
 .text._ZNK6Driver14SpiSlaveDriverINS_19SpiMasterBusManagerIN6Device11HardwareSPIENS2_12HardwareGpioEN6System11EventLoop_tINS2_4CoreELj20EEELj20EEES4_hE10asyncWriteIDnEEvPKhjNS9_12DataHandlingEOT_.isra.23.constprop.118
                0x0000000008002e4c       0x64 System/SystemManager.o
 .text._ZN16SignalGeneration23SupportVoltageGeneratorIN6Driver14SpiSlaveDriverINS1_19SpiMasterBusManagerIN6Device11HardwareSPIENS4_12HardwareGpioEN6System11EventLoop_tINS4_4CoreELj20EEELj20EEES6_hEENS1_11IoPinDriverIS6_NS4_12InterruptMgrESA_EEEC2ERKSC_RKSF_
                0x0000000008002eb0       0xb4 System/SystemManager.o
                0x0000000008002eb0                SignalGeneration::SupportVoltageGenerator<Driver::SpiSlaveDriver<Driver::SpiMasterBusManager<Device::HardwareSPI, Device::HardwareGpio, System::EventLoop_t<Device::Core, 20u>, 20u>, Device::HardwareGpio, unsigned char>, Driver::IoPinDriver<Device::HardwareGpio, Device::InterruptMgr, System::EventLoop_t<Device::Core, 20u> > >::SupportVoltageGenerator(Driver::SpiSlaveDriver<Driver::SpiMasterBusManager<Device::HardwareSPI, Device::HardwareGpio, System::EventLoop_t<Device::Core, 20u>, 20u>, Device::HardwareGpio, unsigned char> const&, Driver::IoPinDriver<Device::HardwareGpio, Device::InterruptMgr, System::EventLoop_t<Device::Core, 20u> > const&)
                0x0000000008002eb0                SignalGeneration::SupportVoltageGenerator<Driver::SpiSlaveDriver<Driver::SpiMasterBusManager<Device::HardwareSPI, Device::HardwareGpio, System::EventLoop_t<Device::Core, 20u>, 20u>, Device::HardwareGpio, unsigned char>, Driver::IoPinDriver<Device::HardwareGpio, Device::InterruptMgr, System::EventLoop_t<Device::Core, 20u> > >::SupportVoltageGenerator(Driver::SpiSlaveDriver<Driver::SpiMasterBusManager<Device::HardwareSPI, Device::HardwareGpio, System::EventLoop_t<Device::Core, 20u>, 20u>, Device::HardwareGpio, unsigned char> const&, Driver::IoPinDriver<Device::HardwareGpio, Device::InterruptMgr, System::EventLoop_t<Device::Core, 20u> > const&)
 .text._ZN4Util14CircularBufferIN6System11EventLoop_tIN6Device4CoreELj20EE4TaskELj20EE4pushEOS6_
                0x0000000008002f64       0x42 System/SystemManager.o
                0x0000000008002f64                Util::CircularBuffer<System::EventLoop_t<Device::Core, 20u>::Task, 20u>::push(System::EventLoop_t<Device::Core, 20u>::Task&&)
 .text._ZNK6System11EventLoop_tIN6Device4CoreELj20EE14addTaskToQueueIRSt8functionIFvvEEEEvOT_
                0x0000000008002fa6       0x24 System/SystemManager.o
                0x0000000008002fa6                void System::EventLoop_t<Device::Core, 20u>::addTaskToQueue<std::function<void ()>&>(std::function<void ()>&) const
 .text._ZNSt17_Function_handlerIFvvEZN6Driver19RotaryEncoderDriverIN6Device15HardwareEncoderEN6System11EventLoop_tINS3_4CoreELj20EEEEC4ERKS4_RKS8_EUlvE_E9_M_invokeERKSt9_Any_data
                0x0000000008002fca       0x14 System/SystemManager.o
                0x0000000008002fca                std::_Function_handler<void (), Driver::RotaryEncoderDriver<Device::HardwareEncoder, System::EventLoop_t<Device::Core, 20u> >::RotaryEncoderDriver(Device::HardwareEncoder const&, System::EventLoop_t<Device::Core, 20u> const&)::{lambda()#1}>::_M_invoke(std::_Any_data const&)
 .text._ZNSt17_Function_handlerIFvvEZN6Driver19RotaryEncoderDriverIN6Device15HardwareEncoderEN6System11EventLoop_tINS3_4CoreELj20EEEEC4ERKS4_RKS8_EUlvE0_E9_M_invokeERKSt9_Any_data
                0x0000000008002fde       0x14 System/SystemManager.o
                0x0000000008002fde                std::_Function_handler<void (), Driver::RotaryEncoderDriver<Device::HardwareEncoder, System::EventLoop_t<Device::Core, 20u> >::RotaryEncoderDriver(Device::HardwareEncoder const&, System::EventLoop_t<Device::Core, 20u> const&)::{lambda()#2}>::_M_invoke(std::_Any_data const&)
 .text._ZNK6Driver19SpiMasterBusManagerIN6Device11HardwareSPIENS1_12HardwareGpioEN6System11EventLoop_tINS1_4CoreELj20EEELj20EE12taskCompleteEN9MiscStuff9ErrorCodeE
                0x0000000008002ff2      0x114 System/SystemManager.o
                0x0000000008002ff2                Driver::SpiMasterBusManager<Device::HardwareSPI, Device::HardwareGpio, System::EventLoop_t<Device::Core, 20u>, 20u>::taskComplete(MiscStuff::ErrorCode) const
 .text._ZNSt17_Function_handlerIFvN9MiscStuff9ErrorCodeEEZN6Driver19SpiMasterBusManagerIN6Device11HardwareSPIENS5_12HardwareGpioEN6System11EventLoop_tINS5_4CoreELj20EEELj20EEC4ERKS6_RKSB_EUlS1_E_E9_M_invokeERKSt9_Any_dataOS1_
                0x0000000008003106        0xc System/SystemManager.o
                0x0000000008003106                std::_Function_handler<void (MiscStuff::ErrorCode), Driver::SpiMasterBusManager<Device::HardwareSPI, Device::HardwareGpio, System::EventLoop_t<Device::Core, 20u>, 20u>::SpiMasterBusManager(Device::HardwareSPI const&, System::EventLoop_t<Device::Core, 20u> const&)::{lambda(MiscStuff::ErrorCode)#1}>::_M_invoke(std::_Any_data const&, MiscStuff::ErrorCode&&)
 .text._ZNSt17_Function_handlerIFvvEZN6Driver11IoPinDriverIN6Device12HardwareGpioENS3_12InterruptMgrEN6System11EventLoop_tINS3_4CoreELj20EEEEC4ERKS4_NS4_3PinENSA_7PinTypeENS3_9GpioIntIdERKS9_EUlvE_E9_M_invokeERKSt9_Any_data
                0x0000000008003112       0x10 System/SystemManager.o
                0x0000000008003112                std::_Function_handler<void (), Driver::IoPinDriver<Device::HardwareGpio, Device::InterruptMgr, System::EventLoop_t<Device::Core, 20u> >::IoPinDriver(Device::HardwareGpio const&, Device::HardwareGpio::Pin, Driver::IoPinDriver<Device::HardwareGpio, Device::InterruptMgr, System::EventLoop_t<Device::Core, 20u> >::PinType, Device::GpioIntId, System::EventLoop_t<Device::Core, 20u> const&)::{lambda()#1}>::_M_invoke(std::_Any_data const&)
 .text._ZZNK9Component15FourButtonArrayIN6Driver14I2cSlaveDriverINS1_19I2cMasterBusManagerIN6Device12HardwareI2C1EN6System11EventLoop_tINS4_4CoreELj20EEELj20EEEEENS1_11IoPinDriverINS4_12HardwareGpioENS4_12InterruptMgrES9_EES9_E29buttonPressedInterruptHandlerEvENKUlvE_clEv
                0x0000000008003122       0x7e System/SystemManager.o
                0x0000000008003122                Component::FourButtonArray<Driver::I2cSlaveDriver<Driver::I2cMasterBusManager<Device::HardwareI2C1, System::EventLoop_t<Device::Core, 20u>, 20u> >, Driver::IoPinDriver<Device::HardwareGpio, Device::InterruptMgr, System::EventLoop_t<Device::Core, 20u> >, System::EventLoop_t<Device::Core, 20u> >::buttonPressedInterruptHandler() const::{lambda()#1}::operator()() const
 .text._ZNSt17_Function_handlerIFvvEZNK9Component15FourButtonArrayIN6Driver14I2cSlaveDriverINS3_19I2cMasterBusManagerIN6Device12HardwareI2C1EN6System11EventLoop_tINS6_4CoreELj20EEELj20EEEEENS3_11IoPinDriverINS6_12HardwareGpioENS6_12InterruptMgrESB_EESB_E29buttonPressedInterruptHandlerEvEUlvE_E9_M_invokeERKSt9_Any_data
                0x00000000080031a0        0x8 System/SystemManager.o
                0x00000000080031a0                std::_Function_handler<void (), Component::FourButtonArray<Driver::I2cSlaveDriver<Driver::I2cMasterBusManager<Device::HardwareI2C1, System::EventLoop_t<Device::Core, 20u>, 20u> >, Driver::IoPinDriver<Device::HardwareGpio, Device::InterruptMgr, System::EventLoop_t<Device::Core, 20u> >, System::EventLoop_t<Device::Core, 20u> >::buttonPressedInterruptHandler() const::{lambda()#1}>::_M_invoke(std::_Any_data const&)
 .text._ZNSt17_Function_handlerIFvvEZN9Component7EncoderIN6Driver19RotaryEncoderDriverIN6Device15HardwareEncoderEN6System11EventLoop_tINS5_4CoreELj20EEEEENS3_11IoPinDriverINS5_12HardwareGpioENS5_12InterruptMgrESA_EESA_EC4ERKSB_RKSF_RKSA_EUlvE_E9_M_invokeERKSt9_Any_data
                0x00000000080031a8       0x10 System/SystemManager.o
                0x00000000080031a8                std::_Function_handler<void (), Component::Encoder<Driver::RotaryEncoderDriver<Device::HardwareEncoder, System::EventLoop_t<Device::Core, 20u> >, Driver::IoPinDriver<Device::HardwareGpio, Device::InterruptMgr, System::EventLoop_t<Device::Core, 20u> >, System::EventLoop_t<Device::Core, 20u> >::Encoder(Driver::RotaryEncoderDriver<Device::HardwareEncoder, System::EventLoop_t<Device::Core, 20u> > const&, Driver::IoPinDriver<Device::HardwareGpio, Device::InterruptMgr, System::EventLoop_t<Device::Core, 20u> > const&, System::EventLoop_t<Device::Core, 20u> const&)::{lambda()#1}>::_M_invoke(std::_Any_data const&)
 .text._ZNSt17_Function_handlerIFvvEZNK9Component14ExternalEEPROMIN6Driver14I2cSlaveDriverINS3_19I2cMasterBusManagerIN6Device12HardwareI2C1EN6System11EventLoop_tINS6_4CoreELj20EEELj20EEEEENS3_11IoPinDriverINS6_12HardwareGpioENS6_12InterruptMgrESB_EESB_NS3_8TimerMgrINS6_13HardwareTimerESB_Lj20EEEE9loadValueIZNSL_C4ERKSD_RKSH_RKSB_RKSK_EUlvE_mEEvtPT0_OT_EUlvE_E9_M_invokeERKSt9_Any_data
                0x00000000080031b8       0x2c System/SystemManager.o
                0x00000000080031b8                std::_Function_handler<void (), Component::ExternalEEPROM<Driver::I2cSlaveDriver<Driver::I2cMasterBusManager<Device::HardwareI2C1, System::EventLoop_t<Device::Core, 20u>, 20u> >, Driver::IoPinDriver<Device::HardwareGpio, Device::InterruptMgr, System::EventLoop_t<Device::Core, 20u> >, System::EventLoop_t<Device::Core, 20u>, Driver::TimerMgr<Device::HardwareTimer, System::EventLoop_t<Device::Core, 20u>, 20u> >::loadValue<Component::ExternalEEPROM<Driver::I2cSlaveDriver<Driver::I2cMasterBusManager<Device::HardwareI2C1, System::EventLoop_t<Device::Core, 20u>, 20u> >, Driver::IoPinDriver<Device::HardwareGpio, Device::InterruptMgr, System::EventLoop_t<Device::Core, 20u> >, System::EventLoop_t<Device::Core, 20u>, Driver::TimerMgr<Device::HardwareTimer, System::EventLoop_t<Device::Core, 20u>, 20u> >::loadValue(Driver::I2cSlaveDriver<Driver::I2cMasterBusManager<Device::HardwareI2C1, System::EventLoop_t<Device::Core, 20u>, 20u> > const&, Driver::IoPinDriver<Device::HardwareGpio, Device::InterruptMgr, System::EventLoop_t<Device::Core, 20u> > const&, System::EventLoop_t<Device::Core, 20u> const&, Driver::TimerMgr<Device::HardwareTimer, System::EventLoop_t<Device::Core, 20u>, 20u> const&)::{lambda()#1}, unsigned long>(unsigned short, unsigned long*, Component::ExternalEEPROM<Driver::I2cSlaveDriver<Driver::I2cMasterBusManager<Device::HardwareI2C1, System::EventLoop_t<Device::Core, 20u>, 20u> >, Driver::IoPinDriver<Device::HardwareGpio, Device::InterruptMgr, System::EventLoop_t<Device::Core, 20u> >, System::EventLoop_t<Device::Core, 20u>, Driver::TimerMgr<Device::HardwareTimer, System::EventLoop_t<Device::Core, 20u>, 20u> >::loadValue(Driver::I2cSlaveDriver<Driver::I2cMasterBusManager<Device::HardwareI2C1, System::EventLoop_t<Device::Core, 20u>, 20u> > const&, Driver::IoPinDriver<Device::HardwareGpio, Device::InterruptMgr, System::EventLoop_t<Device::Core, 20u> > const&, System::EventLoop_t<Device::Core, 20u> const&, Driver::TimerMgr<Device::HardwareTimer, System::EventLoop_t<Device::Core, 20u>, 20u> const&)::{lambda()#1}&&) const::{lambda()#1}>::_M_invoke(std::_Any_data const&)
 .text._ZNK6Driver19I2cMasterBusManagerIN6Device12HardwareI2C1EN6System11EventLoop_tINS1_4CoreELj20EEELj20EE12taskCompleteEN9MiscStuff9ErrorCodeE
                0x00000000080031e4       0xa8 System/SystemManager.o
                0x00000000080031e4                Driver::I2cMasterBusManager<Device::HardwareI2C1, System::EventLoop_t<Device::Core, 20u>, 20u>::taskComplete(MiscStuff::ErrorCode) const
 .text._ZNSt17_Function_handlerIFvN9MiscStuff9ErrorCodeEEZN6Driver19I2cMasterBusManagerIN6Device12HardwareI2C1EN6System11EventLoop_tINS5_4CoreELj20EEELj20EEC4ERKS6_RKSA_EUlS1_E_E9_M_invokeERKSt9_Any_dataOS1_
                0x000000000800328c        0xc System/SystemManager.o
                0x000000000800328c                std::_Function_handler<void (MiscStuff::ErrorCode), Driver::I2cMasterBusManager<Device::HardwareI2C1, System::EventLoop_t<Device::Core, 20u>, 20u>::I2cMasterBusManager(Device::HardwareI2C1 const&, System::EventLoop_t<Device::Core, 20u> const&)::{lambda(MiscStuff::ErrorCode)#1}>::_M_invoke(std::_Any_data const&, MiscStuff::ErrorCode&&)
 .text._ZN6Driver11IoPinDriverIN6Device12HardwareGpioENS1_12InterruptMgrEN6System11EventLoop_tINS1_4CoreELj20EEEEC2ERKS2_NS2_3PinENS8_7PinTypeENS1_9GpioIntIdERKS7_
                0x0000000008003298       0xa8 System/SystemManager.o
                0x0000000008003298                Driver::IoPinDriver<Device::HardwareGpio, Device::InterruptMgr, System::EventLoop_t<Device::Core, 20u> >::IoPinDriver(Device::HardwareGpio const&, Device::HardwareGpio::Pin, Driver::IoPinDriver<Device::HardwareGpio, Device::InterruptMgr, System::EventLoop_t<Device::Core, 20u> >::PinType, Device::GpioIntId, System::EventLoop_t<Device::Core, 20u> const&)
                0x0000000008003298                Driver::IoPinDriver<Device::HardwareGpio, Device::InterruptMgr, System::EventLoop_t<Device::Core, 20u> >::IoPinDriver(Device::HardwareGpio const&, Device::HardwareGpio::Pin, Driver::IoPinDriver<Device::HardwareGpio, Device::InterruptMgr, System::EventLoop_t<Device::Core, 20u> >::PinType, Device::GpioIntId, System::EventLoop_t<Device::Core, 20u> const&)
 .text._ZN9Component15FourButtonArrayIN6Driver14I2cSlaveDriverINS1_19I2cMasterBusManagerIN6Device12HardwareI2C1EN6System11EventLoop_tINS4_4CoreELj20EEELj20EEEEENS1_11IoPinDriverINS4_12HardwareGpioENS4_12InterruptMgrES9_EES9_EC2ERKSB_RKSF_RKS9_
                0x0000000008003340       0x58 System/SystemManager.o
                0x0000000008003340                Component::FourButtonArray<Driver::I2cSlaveDriver<Driver::I2cMasterBusManager<Device::HardwareI2C1, System::EventLoop_t<Device::Core, 20u>, 20u> >, Driver::IoPinDriver<Device::HardwareGpio, Device::InterruptMgr, System::EventLoop_t<Device::Core, 20u> >, System::EventLoop_t<Device::Core, 20u> >::FourButtonArray(Driver::I2cSlaveDriver<Driver::I2cMasterBusManager<Device::HardwareI2C1, System::EventLoop_t<Device::Core, 20u>, 20u> > const&, Driver::IoPinDriver<Device::HardwareGpio, Device::InterruptMgr, System::EventLoop_t<Device::Core, 20u> > const&, System::EventLoop_t<Device::Core, 20u> const&)
                0x0000000008003340                Component::FourButtonArray<Driver::I2cSlaveDriver<Driver::I2cMasterBusManager<Device::HardwareI2C1, System::EventLoop_t<Device::Core, 20u>, 20u> >, Driver::IoPinDriver<Device::HardwareGpio, Device::InterruptMgr, System::EventLoop_t<Device::Core, 20u> >, System::EventLoop_t<Device::Core, 20u> >::FourButtonArray(Driver::I2cSlaveDriver<Driver::I2cMasterBusManager<Device::HardwareI2C1, System::EventLoop_t<Device::Core, 20u>, 20u> > const&, Driver::IoPinDriver<Device::HardwareGpio, Device::InterruptMgr, System::EventLoop_t<Device::Core, 20u> > const&, System::EventLoop_t<Device::Core, 20u> const&)
 .text._ZNSt8functionIFvN9MiscStuff9ErrorCodeEEEaSIRZN6Driver19I2cMasterBusManagerIN6Device12HardwareI2C1EN6System11EventLoop_tINS7_4CoreELj20EEELj20EEC4ERKS8_RKSC_EUlS1_E_EENSt9enable_ifIXsrNS3_9_CallableINSt5decayIT_E4typeENSt9result_ofIFRSP_S1_EE4typeEEE5valueERS3_E4typeEOSN_
                0x0000000008003398       0x3c System/SystemManager.o
                0x0000000008003398                std::enable_if<std::function<void (MiscStuff::ErrorCode)>::_Callable<std::decay<Driver::I2cMasterBusManager<Device::HardwareI2C1, System::EventLoop_t<Device::Core, 20u>, 20u>::I2cMasterBusManager(Device::HardwareI2C1 const&, System::EventLoop_t<Device::Core, 20u> const&)::{lambda(MiscStuff::ErrorCode)#1}&>::type, std::result_of<std::decay<Driver::I2cMasterBusManager<Device::HardwareI2C1, System::EventLoop_t<Device::Core, 20u>, 20u>::I2cMasterBusManager(Device::HardwareI2C1 const&, System::EventLoop_t<Device::Core, 20u> const&)::{lambda(MiscStuff::ErrorCode)#1}&>& (MiscStuff::ErrorCode)>::type>::value, std::function<void (MiscStuff::ErrorCode)>&>::type std::function<void (MiscStuff::ErrorCode)>::operator=<Driver::I2cMasterBusManager<Device::HardwareI2C1, System::EventLoop_t<Device::Core, 20u>, 20u>::I2cMasterBusManager(Device::HardwareI2C1 const&, System::EventLoop_t<Device::Core, 20u> const&)::{lambda(MiscStuff::ErrorCode)#1}&>(std::decay&&)
 .text._ZNSt8functionIFvN9MiscStuff9ErrorCodeEEEaSIRZN6Driver19SpiMasterBusManagerIN6Device11HardwareSPIENS7_12HardwareGpioEN6System11EventLoop_tINS7_4CoreELj20EEELj20EEC4ERKS8_RKSD_EUlS1_E_EENSt9enable_ifIXsrNS3_9_CallableINSt5decayIT_E4typeENSt9result_ofIFRSQ_S1_EE4typeEEE5valueERS3_E4typeEOSO_
                0x00000000080033d4       0x3c System/SystemManager.o
                0x00000000080033d4                std::enable_if<std::function<void (MiscStuff::ErrorCode)>::_Callable<std::decay<Driver::SpiMasterBusManager<Device::HardwareSPI, Device::HardwareGpio, System::EventLoop_t<Device::Core, 20u>, 20u>::SpiMasterBusManager(Device::HardwareSPI const&, System::EventLoop_t<Device::Core, 20u> const&)::{lambda(MiscStuff::ErrorCode)#1}&>::type, std::result_of<std::decay<Driver::SpiMasterBusManager<Device::HardwareSPI, Device::HardwareGpio, System::EventLoop_t<Device::Core, 20u>, 20u>::SpiMasterBusManager(Device::HardwareSPI const&, System::EventLoop_t<Device::Core, 20u> const&)::{lambda(MiscStuff::ErrorCode)#1}&>& (MiscStuff::ErrorCode)>::type>::value, std::function<void (MiscStuff::ErrorCode)>&>::type std::function<void (MiscStuff::ErrorCode)>::operator=<Driver::SpiMasterBusManager<Device::HardwareSPI, Device::HardwareGpio, System::EventLoop_t<Device::Core, 20u>, 20u>::SpiMasterBusManager(Device::HardwareSPI const&, System::EventLoop_t<Device::Core, 20u> const&)::{lambda(MiscStuff::ErrorCode)#1}&>(std::decay&&)
 .text._ZN6Driver19SpiMasterBusManagerIN6Device11HardwareSPIENS1_12HardwareGpioEN6System11EventLoop_tINS1_4CoreELj20EEELj20EEC2ERKS2_RKS7_
                0x0000000008003410       0x5a System/SystemManager.o
                0x0000000008003410                Driver::SpiMasterBusManager<Device::HardwareSPI, Device::HardwareGpio, System::EventLoop_t<Device::Core, 20u>, 20u>::SpiMasterBusManager(Device::HardwareSPI const&, System::EventLoop_t<Device::Core, 20u> const&)
                0x0000000008003410                Driver::SpiMasterBusManager<Device::HardwareSPI, Device::HardwareGpio, System::EventLoop_t<Device::Core, 20u>, 20u>::SpiMasterBusManager(Device::HardwareSPI const&, System::EventLoop_t<Device::Core, 20u> const&)
 .text._ZN4Util14CircularBufferIN6Driver19I2cMasterBusManagerIN6Device12HardwareI2C1EN6System11EventLoop_tINS3_4CoreELj20EEELj20EE9I2cTask_tELj20EE4pushEOSA_
                0x000000000800346a       0x6e System/SystemManager.o
                0x000000000800346a                Util::CircularBuffer<Driver::I2cMasterBusManager<Device::HardwareI2C1, System::EventLoop_t<Device::Core, 20u>, 20u>::I2cTask_t, 20u>::push(Driver::I2cMasterBusManager<Device::HardwareI2C1, System::EventLoop_t<Device::Core, 20u>, 20u>::I2cTask_t&&)
 .text._ZNK6Driver19I2cMasterBusManagerIN6Device12HardwareI2C1EN6System11EventLoop_tINS1_4CoreELj20EEELj20EE10asyncWriteIRDnDnEEvhPKhjOT_OT0_.isra.27
                0x00000000080034d8       0x3c System/SystemManager.o
 .text._ZNSt17_Function_handlerIFvvEZZNK9Component14ExternalEEPROMIN6Driver14I2cSlaveDriverINS3_19I2cMasterBusManagerIN6Device12HardwareI2C1EN6System11EventLoop_tINS6_4CoreELj20EEELj20EEEEENS3_11IoPinDriverINS6_12HardwareGpioENS6_12InterruptMgrESB_EESB_NS3_8TimerMgrINS6_13HardwareTimerESB_Lj20EEEE9saveValueIDniEEvtT0_OT_ENKUlvE0_clEvEUlvE_E9_M_invokeERKSt9_Any_data
                0x0000000008003514       0xb4 System/SystemManager.o
                0x0000000008003514                std::_Function_handler<void (), Component::ExternalEEPROM<Driver::I2cSlaveDriver<Driver::I2cMasterBusManager<Device::HardwareI2C1, System::EventLoop_t<Device::Core, 20u>, 20u> >, Driver::IoPinDriver<Device::HardwareGpio, Device::InterruptMgr, System::EventLoop_t<Device::Core, 20u> >, System::EventLoop_t<Device::Core, 20u>, Driver::TimerMgr<Device::HardwareTimer, System::EventLoop_t<Device::Core, 20u>, 20u> >::saveValue<decltype(nullptr), int>(unsigned short, int, decltype(nullptr)&&) const::{lambda()#2}::operator()() const::{lambda()#1}>::_M_invoke(std::_Any_data const&)
 .text._ZNSt17_Function_handlerIFvvEZN9Component14ExternalEEPROMIN6Driver14I2cSlaveDriverINS3_19I2cMasterBusManagerIN6Device12HardwareI2C1EN6System11EventLoop_tINS6_4CoreELj20EEELj20EEEEENS3_11IoPinDriverINS6_12HardwareGpioENS6_12InterruptMgrESB_EESB_NS3_8TimerMgrINS6_13HardwareTimerESB_Lj20EEEEC4ERKSD_RKSH_RKSB_RKSK_EUlvE_E9_M_invokeERKSt9_Any_data
                0x00000000080035c8       0xd0 System/SystemManager.o
                0x00000000080035c8                std::_Function_handler<void (), Component::ExternalEEPROM<Driver::I2cSlaveDriver<Driver::I2cMasterBusManager<Device::HardwareI2C1, System::EventLoop_t<Device::Core, 20u>, 20u> >, Driver::IoPinDriver<Device::HardwareGpio, Device::InterruptMgr, System::EventLoop_t<Device::Core, 20u> >, System::EventLoop_t<Device::Core, 20u>, Driver::TimerMgr<Device::HardwareTimer, System::EventLoop_t<Device::Core, 20u>, 20u> >::ExternalEEPROM(Driver::I2cSlaveDriver<Driver::I2cMasterBusManager<Device::HardwareI2C1, System::EventLoop_t<Device::Core, 20u>, 20u> > const&, Driver::IoPinDriver<Device::HardwareGpio, Device::InterruptMgr, System::EventLoop_t<Device::Core, 20u> > const&, System::EventLoop_t<Device::Core, 20u> const&, Driver::TimerMgr<Device::HardwareTimer, System::EventLoop_t<Device::Core, 20u>, 20u> const&)::{lambda()#1}>::_M_invoke(std::_Any_data const&)
 .text._ZNSt17_Function_handlerIFvvEZN9Component15FourButtonArrayIN6Driver14I2cSlaveDriverINS3_19I2cMasterBusManagerIN6Device12HardwareI2C1EN6System11EventLoop_tINS6_4CoreELj20EEELj20EEEEENS3_11IoPinDriverINS6_12HardwareGpioENS6_12InterruptMgrESB_EESB_EC4ERKSD_RKSH_RKSB_EUlvE_E9_M_invokeERKSt9_Any_data
                0x0000000008003698       0x84 System/SystemManager.o
                0x0000000008003698                std::_Function_handler<void (), Component::FourButtonArray<Driver::I2cSlaveDriver<Driver::I2cMasterBusManager<Device::HardwareI2C1, System::EventLoop_t<Device::Core, 20u>, 20u> >, Driver::IoPinDriver<Device::HardwareGpio, Device::InterruptMgr, System::EventLoop_t<Device::Core, 20u> >, System::EventLoop_t<Device::Core, 20u> >::FourButtonArray(Driver::I2cSlaveDriver<Driver::I2cMasterBusManager<Device::HardwareI2C1, System::EventLoop_t<Device::Core, 20u>, 20u> > const&, Driver::IoPinDriver<Device::HardwareGpio, Device::InterruptMgr, System::EventLoop_t<Device::Core, 20u> > const&, System::EventLoop_t<Device::Core, 20u> const&)::{lambda()#1}>::_M_invoke(std::_Any_data const&)
 .text._ZN6System7ManagerC2Ev
                0x000000000800371c      0x660 System/SystemManager.o
                0x000000000800371c                System::Manager::Manager()
                0x000000000800371c                System::Manager::Manager()
 .text._ZN6System8instanceEv